******************************************************************************
                  TI ARM Linker Unix v18.1.1                   
******************************************************************************
>> Linked Sat Aug  1 00:06:15 2020

OUTPUT FILE NAME:   <Mp3Player.out>
ENTRY POINT SYMBOL: "_c_int00_noargs"  address: 000043f1


MEMORY CONFIGURATION

         name            origin    length      used     unused   attr    fill
----------------------  --------  ---------  --------  --------  ----  --------
  FLASH                 00000000   00040000  00004bbe  0003b442  R  X
  SRAM                  20000000   00008000  00000ac6  0000753a  RW X


SEGMENT ALLOCATION MAP

run origin  load origin   length   init length attrs members
----------  ----------- ---------- ----------- ----- -------
00000000    00000000    00004bc0   00004bc0    r-x
  00000000    00000000    0000026c   0000026c    r-- .intvecs
  0000026c    0000026c    0000429a   0000429a    r-x .text
  00004508    00004508    00000668   00000668    r-- .const
  00004b70    00004b70    00000050   00000050    r-- .cinit
20000000    20000000    00000aca   00000000    rw-
  20000000    20000000    0000026c   00000000    rw- .vtable
  20000270    20000270    00000400   00000000    rw- .stack
  20000670    20000670    00000400   00000000    rw- .sysmem
  20000a70    20000a70    00000044   00000000    rw- .bss
  20000ab4    20000ab4    00000016   00000000    rw- .data


SECTION ALLOCATION MAP

 output                                  attributes/
section   page    origin      length       input sections
--------  ----  ----------  ----------   ----------------
.intvecs   0    00000000    0000026c     
                  00000000    0000026c     tm4c123gh6pm_startup_ccs.obj (.intvecs)

.text      0    0000026c    0000429a     
                  0000026c    00000f80     sysctl.obj (.text)
                  000011ec    00000c14     gpio.obj (.text)
                  00001e00    00000718     pwm.obj (.text)
                  00002518    00000642     timer.obj (.text)
                  00002b5a    00000002     rtsv7M4_T_le_v4SPD16_eabi.lib : _lock.c.obj (.text:_nop)
                  00002b5c    000005fc     SD_Card.obj (.text)
                  00003158    000004bc     FAT32.obj (.text)
                  00003614    000003c0     interrupt.obj (.text)
                  000039d4    00000362     ssi.obj (.text)
                  00003d36    00000190     Linked_List.obj (.text)
                  00003ec6    00000002     --HOLE-- [fill = 0]
                  00003ec8    000000e0     main.obj (.text)
                  00003fa8    000000d8     rtsv7M4_T_le_v4SPD16_eabi.lib : memory.c.obj (.text:free)
                  00004080    000000b8     Time.obj (.text)
                  00004138    0000009c     rtsv7M4_T_le_v4SPD16_eabi.lib : memcpy_t2.asm.obj (.text)
                  000041d4    0000007a                                   : memset_t2.asm.obj (.text)
                  0000424e    00000002     --HOLE-- [fill = 0]
                  00004250    00000078                                   : memory.c.obj (.text:malloc)
                  000042c8    00000068                                   : copy_decompress_lzss.c.obj (.text:decompress:lzss:__TI_decompress_lzss)
                  00004330    00000044                                   : autoinit.c.obj (.text:__TI_auto_init_nobinit_nopinit:__TI_auto_init_nobinit_nopinit)
                  00004374    0000003e     cpu.obj (.text)
                  000043b2    00000002     --HOLE-- [fill = 0]
                  000043b4    0000003c     rtsv7M4_T_le_v4SPD16_eabi.lib : memory.c.obj (.text:minsert)
                  000043f0    00000038                                   : boot_cortex_m.c.obj (.text:_c_int00_noargs:_c_int00_noargs)
                  00004428    00000038                                   : memory.c.obj (.text:minit)
                  00004460    0000002c                                   : strncmp.c.obj (.text:strncmp)
                  0000448c    00000028                                   : memory.c.obj (.text:mremove)
                  000044b4    00000018                                   : strcmp.c.obj (.text:strcmp)
                  000044cc    00000012                                   : copy_zero_init.c.obj (.text:decompress:ZI:__TI_zero_init_nomemset:__TI_zero_init_nomemset)
                  000044de    0000000e                                   : copy_decompress_none.c.obj (.text:decompress:none:__TI_decompress_none)
                  000044ec    0000000c     tm4c123gh6pm_startup_ccs.obj (.text)
                  000044f8    00000006     sysctl.obj (.text:SysCtlDelay)
                  000044fe    00000004     rtsv7M4_T_le_v4SPD16_eabi.lib : pre_init.c.obj (.text:_system_pre_init)
                  00004502    00000004                                   : exit.c.obj (.text:abort:abort)

.const     0    00004508    00000668     
                  00004508    000001b0     sysctl.obj (.const:g_pppui32XTALtoVCO)
                  000046b8    000000d8     gpio.obj (.const:g_ppui32GPIOIntMapSnowflake)
                  00004790    000000c0     gpio.obj (.const:g_ppui32GPIOIntMapBlizzard)
                  00004850    0000009c     interrupt.obj (.const:g_pui32Regs)
                  000048ec    00000090     gpio.obj (.const:g_pui32GPIOBaseAddrs)
                  0000497c    0000006c     sysctl.obj (.const:g_pui32Xtals)
                  000049e8    00000060     timer.obj (.const:g_ppui32TimerIntMap)
                  00004a48    00000040     timer.obj (.const:g_ppui32TimerIntMapSnowflake)
                  00004a88    00000030     sysctl.obj (.const:g_sXTALtoMEMTIM)
                  00004ab8    00000020     ssi.obj (.const:g_ppui32SSIIntMap)
                  00004ad8    00000020     ssi.obj (.const:g_ppui32SSIIntMapSnowflake)
                  00004af8    00000020     interrupt.obj (.const:g_pui32Priority)
                  00004b18    00000014     interrupt.obj (.const:g_pui32Dii16Regs)
                  00004b2c    00000014     interrupt.obj (.const:g_pui32EnRegs)
                  00004b40    00000014     interrupt.obj (.const:g_pui32PendRegs)
                  00004b54    00000014     interrupt.obj (.const:g_pui32UnpendRegs)
                  00004b68    00000008     sysctl.obj (.const:g_pui32VCOFrequencies)

.cinit     0    00004b70    00000050     
                  00004b70    00000018     (.cinit..data.load) [load image, compression = lzss]
                  00004b88    0000000c     (__TI_handler_table)
                  00004b94    00000004     --HOLE-- [fill = 0]
                  00004b98    00000008     (.cinit..bss.load) [load image, compression = zero_init]
                  00004ba0    00000008     (.cinit..vtable.load) [load image, compression = zero_init]
                  00004ba8    00000018     (__TI_cinit_table)

.init_array 
*          0    00000000    00000000     UNINITIALIZED

.vtable    0    20000000    0000026c     UNINITIALIZED
                  20000000    0000026c     interrupt.obj (.vtable)

.stack     0    20000270    00000400     UNINITIALIZED
                  20000270    00000004     rtsv7M4_T_le_v4SPD16_eabi.lib : boot_cortex_m.c.obj (.stack)
                  20000274    000003fc     --HOLE--

.sysmem    0    20000670    00000400     UNINITIALIZED
                  20000670    00000008     rtsv7M4_T_le_v4SPD16_eabi.lib : memory.c.obj (.sysmem)
                  20000678    000003f8     --HOLE--

.bss       0    20000a70    00000044     UNINITIALIZED
                  20000a70    00000018     FAT32.obj (.bss:volume_boot_area)
                  20000a88    00000018     FAT32.obj (.bss:volume_map)
                  20000aa0    00000014     FAT32.obj (.bss)

.data      0    20000ab4    00000016     UNINITIALIZED
                  20000ab4    0000000c     rtsv7M4_T_le_v4SPD16_eabi.lib : memory.c.obj (.data:$O1$$)
                  20000ac0    00000008                                   : _lock.c.obj (.data:$O1$$)
                  20000ac8    00000001     FAT32.obj (.data)
                  20000ac9    00000001     SD_Card.obj (.data)

MODULE SUMMARY

       Module                         code    ro data   rw data
       ------                         ----    -------   -------
    ./
       SD_Card.obj                    1532    0         1      
       FAT32.obj                      1212    0         69     
       tm4c123gh6pm_startup_ccs.obj   12      620       0      
       Linked_List.obj                400     0         0      
       main.obj                       224     0         0      
       Time.obj                       184     0         0      
    +--+------------------------------+-------+---------+---------+
       Total:                         3564    620       70     
                                                               
    ./driverlib/
       sysctl.obj                     3974    596       0      
       gpio.obj                       3092    552       0      
       interrupt.obj                  960     268       620    
       pwm.obj                        1816    0         0      
       timer.obj                      1602    160       0      
       ssi.obj                        866     64        0      
       cpu.obj                        62      0         0      
    +--+------------------------------+-------+---------+---------+
       Total:                         12372   1640      620    
                                                               
    /home/pola/ti/ccsv8/tools/compiler/ti-cgt-arm_18.1.1.LTS/lib/rtsv7M4_T_le_v4SPD16_eabi.lib
       memory.c.obj                   492     0         12     
       memcpy_t2.asm.obj              156     0         0      
       memset_t2.asm.obj              122     0         0      
       copy_decompress_lzss.c.obj     104     0         0      
       autoinit.c.obj                 68      0         0      
       boot_cortex_m.c.obj            56      0         0      
       strncmp.c.obj                  44      0         0      
       strcmp.c.obj                   24      0         0      
       copy_zero_init.c.obj           18      0         0      
       copy_decompress_none.c.obj     14      0         0      
       _lock.c.obj                    2       0         8      
       exit.c.obj                     4       0         0      
       pre_init.c.obj                 4       0         0      
    +--+------------------------------+-------+---------+---------+
       Total:                         1108    0         20     
                                                               
       Heap:                          0       0         1024   
       Stack:                         0       0         1024   
       Linker Generated:              0       76        0      
    +--+------------------------------+-------+---------+---------+
       Grand Total:                   17044   2336      2758   


LINKER GENERATED COPY TABLES

__TI_cinit_table @ 00004ba8 records: 3, size/record: 8, table size: 24
	.data: load addr=00004b70, load size=00000018 bytes, run addr=20000ab4, run size=00000016 bytes, compression=lzss
	.bss: load addr=00004b98, load size=00000008 bytes, run addr=20000a70, run size=00000044 bytes, compression=zero_init
	.vtable: load addr=00004ba0, load size=00000008 bytes, run addr=20000000, run size=0000026c bytes, compression=zero_init


LINKER GENERATED HANDLER TABLE

__TI_handler_table @ 00004b88 records: 3, size/record: 4, table size: 12
	index: 0, handler: __TI_zero_init
	index: 1, handler: __TI_decompress_lzss
	index: 2, handler: __TI_decompress_none


GLOBAL SYMBOLS: SORTED ALPHABETICALLY BY Name 

address   name                            
-------   ----                            
00004503  C$$EXIT                         
000043a9  CPUbasepriGet                   
0000439b  CPUbasepriSet                   
00004375  CPUcpsid                        
0000438b  CPUcpsie                        
00004381  CPUprimask                      
00004397  CPUwfi                          
00003415  FAT32_FilesCount                
000033f1  FAT32_Init                      
00003481  FAT32_ReadFileAsBlocks          
00003561  FAT32_SearchFilesWithExtension  
00001db1  GPIOADCTriggerDisable           
00001d93  GPIOADCTriggerEnable            
00001d75  GPIODMATriggerDisable           
00001d57  GPIODMATriggerEnable            
000012a7  GPIODirModeGet                  
0000124b  GPIODirModeSet                  
00001861  GPIOIntClear                    
00001825  GPIOIntDisable                  
00001801  GPIOIntEnable                   
00001875  GPIOIntRegister                 
000018ad  GPIOIntRegisterPin              
0000183f  GPIOIntStatus                   
00001397  GPIOIntTypeGet                  
000012f3  GPIOIntTypeSet                  
00001893  GPIOIntUnregister               
000018db  GPIOIntUnregisterPin            
0000168f  GPIOPadConfigGet                
00001421  GPIOPadConfigSet                
00001cf9  GPIOPinConfigure                
000018ff  GPIOPinRead                     
00001937  GPIOPinTypeADC                  
0000195b  GPIOPinTypeCAN                  
0000197f  GPIOPinTypeComparator           
000019a3  GPIOPinTypeComparatorOutput     
000019c7  GPIOPinTypeDIVSCLK              
000019eb  GPIOPinTypeEPI                  
00001a0f  GPIOPinTypeEthernetLED          
00001a33  GPIOPinTypeEthernetMII          
00001a57  GPIOPinTypeGPIOInput            
00001a7b  GPIOPinTypeGPIOOutput           
00001aa5  GPIOPinTypeGPIOOutputOD         
00001ac9  GPIOPinTypeHibernateRTCCLK      
00001aed  GPIOPinTypeI2C                  
00001b11  GPIOPinTypeI2CSCL               
00001b35  GPIOPinTypeLCD                  
00001b59  GPIOPinTypeOneWire              
00001b7d  GPIOPinTypePWM                  
00001ba1  GPIOPinTypeQEI                  
00001bc5  GPIOPinTypeSSI                  
00001be9  GPIOPinTypeTimer                
00001c0d  GPIOPinTypeTrace                
00001c31  GPIOPinTypeUART                 
00001c55  GPIOPinTypeUSBAnalog            
00001c79  GPIOPinTypeUSBDigital           
00001c9d  GPIOPinTypeWakeHigh             
00001cc3  GPIOPinTypeWakeLow              
00001ce9  GPIOPinWakeStatus               
00001917  GPIOPinWrite                    
00001dcf  GPIOUnlockPin                   
000037d5  IntDisable                      
00003763  IntEnable                       
00003847  IntIsEnabled                    
00003627  IntMasterDisable                
00003617  IntMasterEnable                 
0000393d  IntPendClear                    
000038cd  IntPendSet                      
0000373f  IntPriorityGet                  
000036b7  IntPriorityGroupingGet          
0000369d  IntPriorityGroupingSet          
00003997  IntPriorityMaskGet              
0000398b  IntPriorityMaskSet              
000036ef  IntPrioritySet                  
00003637  IntRegister                     
0000399f  IntTrigger                      
00003689  IntUnregister                   
00003ddb  List_Append                     
00003e61  List_Count                      
00003db7  List_Create                     
00003e31  List_GetDataAt                  
00003e6f  List_Remove                     
0000247b  PWMClockGet                     
0000245b  PWMClockSet                     
00001fa5  PWMDeadBandDisable              
00001f6d  PWMDeadBandEnable               
00002321  PWMFaultIntClear                
00002353  PWMFaultIntClearExt             
0000223b  PWMFaultIntRegister             
00002259  PWMFaultIntUnregister           
00001e01  PWMGenConfigure                 
00001ebf  PWMGenDisable                   
00001ea5  PWMGenEnable                    
00002425  PWMGenFaultClear                
00002371  PWMGenFaultConfigure            
000023ef  PWMGenFaultStatus               
000023cb  PWMGenFaultTriggerGet           
000023a1  PWMGenFaultTriggerSet           
000022d9  PWMGenIntClear                  
000021ad  PWMGenIntRegister               
000022af  PWMGenIntStatus                 
00002291  PWMGenIntTrigDisable            
00002273  PWMGenIntTrigEnable             
000021d5  PWMGenIntUnregister             
00001e7b  PWMGenPeriodGet                 
00001e4b  PWMGenPeriodSet                 
00002309  PWMIntDisable                   
000022f1  PWMIntEnable                    
00002333  PWMIntStatus                    
0000207b  PWMOutputFault                  
00002049  PWMOutputFaultLevel             
00002017  PWMOutputInvert                 
00001fe5  PWMOutputState                  
000024a5  PWMOutputUpdateMode             
00001f23  PWMPulseWidthGet                
00001ed9  PWMPulseWidthSet                
00001fd3  PWMSyncTimeBase                 
00001fc1  PWMSyncUpdate                   
000044ed  ResetISR                        
00003c8d  SSIAdvDataPutFrameEnd           
00003cb3  SSIAdvDataPutFrameEndNonBlocking
00003cf5  SSIAdvFrameHoldDisable          
00003cdf  SSIAdvFrameHoldEnable           
00003c5b  SSIAdvModeSet                   
00003c19  SSIBusy                         
00003c4b  SSIClockSourceGet               
00003c37  SSIClockSourceSet               
00003a33  SSIConfigSetExpClk              
00003c01  SSIDMADisable                   
00003be9  SSIDMAEnable                    
00003bab  SSIDataGet                      
00003bc7  SSIDataGetNonBlocking           
00003b71  SSIDataPut                      
00003b8b  SSIDataPutNonBlocking           
00003ac3  SSIDisable                      
00003aad  SSIEnable                       
00003b5f  SSIIntClear                     
00003b29  SSIIntDisable                   
00003b11  SSIIntEnable                    
00003ad9  SSIIntRegister                  
00003b41  SSIIntStatus                    
00003af7  SSIIntUnregister                
00003d21  SSILoopbackDisable              
00003d0b  SSILoopbackEnable               
00002cb3  Sd_Init                         
00002fc1  Sd_ReadBlock                    
00003065  Sd_ReadMultipleBlock            
00003011  Sd_WriteBlock                   
000030f5  Sd_WriteMultipleBlock           
000011a9  SysCtlAltClkConfig              
000008d1  SysCtlClockFreqSet              
00000d99  SysCtlClockGet                  
0000118d  SysCtlClockOutConfig            
00000bc9  SysCtlClockSet                  
000007d5  SysCtlDeepSleep                 
00000f5d  SysCtlDeepSleepClockConfigSet   
00000f3f  SysCtlDeepSleepClockSet         
000007b5  SysCtlDeepSleepPowerSet         
000044f9  SysCtlDelay                     
00000363  SysCtlFlashSectorSizeGet        
00000337  SysCtlFlashSizeGet              
00001033  SysCtlGPIOAHBDisable            
00001017  SysCtlGPIOAHBEnable             
00000749  SysCtlIntClear                  
00000731  SysCtlIntDisable                
0000071d  SysCtlIntEnable                 
000006f5  SysCtlIntRegister               
00000759  SysCtlIntStatus                 
0000070d  SysCtlIntUnregister             
0000079b  SysCtlLDODeepSleepGet           
0000078b  SysCtlLDODeepSleepSet           
00000785  SysCtlLDOSleepGet               
00000775  SysCtlLDOSleepSet               
0000080b  SysCtlMOSCConfigSet             
00001171  SysCtlNMIClear                  
0000115d  SysCtlNMIStatus                 
00000821  SysCtlPIOSCCalibrate            
00001001  SysCtlPWMClockGet               
00000fe7  SysCtlPWMClockSet               
000006a1  SysCtlPeripheralClockGating     
00000659  SysCtlPeripheralDeepSleepDisable
00000609  SysCtlPeripheralDeepSleepEnable 
00000545  SysCtlPeripheralDisable         
00000509  SysCtlPeripheralEnable          
00000445  SysCtlPeripheralPowerOff        
00000409  SysCtlPeripheralPowerOn         
00000389  SysCtlPeripheralPresent         
000003c9  SysCtlPeripheralReady           
00000481  SysCtlPeripheralReset           
000005cd  SysCtlPeripheralSleepDisable    
00000589  SysCtlPeripheralSleepEnable     
000007c5  SysCtlReset                     
00000881  SysCtlResetBehaviorGet          
00000871  SysCtlResetBehaviorSet          
000007f7  SysCtlResetCauseClear           
000007f1  SysCtlResetCauseGet             
0000032d  SysCtlSRAMSizeGet               
000007cd  SysCtlSleep                     
000007a1  SysCtlSleepPowerSet             
0000105b  SysCtlUSBPLLDisable             
0000104f  SysCtlUSBPLLEnable              
000010a1  SysCtlVCOGet                    
00001089  SysCtlVoltageEventClear         
0000106d  SysCtlVoltageEventConfig        
0000107d  SysCtlVoltageEventStatus        
000040a1  Time_Delay_MS                   
00004081  Time_Init                       
0000410b  Time_Timeout_Poll               
000040e1  Time_Timeout_Trigger            
00002ad9  TimerADCEventGet                
00002ac7  TimerADCEventSet                
000027fd  TimerClockSourceGet             
000027d3  TimerClockSourceSet             
000025c7  TimerConfigure                  
000026e7  TimerControlEvent               
00002643  TimerControlLevel               
00002711  TimerControlStall               
00002679  TimerControlTrigger             
00002747  TimerControlWaitOnTrigger       
00002af9  TimerDMAEventGet                
00002ae7  TimerDMAEventSet                
000025a9  TimerDisable                    
0000258b  TimerEnable                     
00002aa3  TimerIntClear                   
00002a6d  TimerIntDisable                 
00002a55  TimerIntEnable                  
00002a0f  TimerIntRegister                
00002a85  TimerIntStatus                  
00002a37  TimerIntUnregister              
000028c7  TimerLoadGet                    
000028fd  TimerLoadGet64                  
0000289d  TimerLoadSet                    
000028e3  TimerLoadSet64                  
000029a7  TimerMatchGet                   
000029dd  TimerMatchGet64                 
0000297d  TimerMatchSet                   
000029c3  TimerMatchSet64                 
00002837  TimerPrescaleGet                
00002881  TimerPrescaleMatchGet           
00002853  TimerPrescaleMatchSet           
0000280d  TimerPrescaleSet                
000027bd  TimerRTCDisable                 
000027a7  TimerRTCEnable                  
00002ab5  TimerSynchronize                
00002b07  TimerUpdateMode                 
0000292f  TimerValueGet                   
0000294b  TimerValueGet64                 
20000670  __STACK_END                     
00000400  __STACK_SIZE                    
20000470  __STACK_TOP                     
00000400  __SYSMEM_SIZE                   
00004ba8  __TI_CINIT_Base                 
00004bc0  __TI_CINIT_Limit                
00004b88  __TI_Handler_Table_Base         
00004b94  __TI_Handler_Table_Limit        
00004331  __TI_auto_init_nobinit_nopinit  
000042c9  __TI_decompress_lzss            
000044df  __TI_decompress_none            
ffffffff  __TI_pprof_out_hndl             
ffffffff  __TI_prof_data_size             
ffffffff  __TI_prof_data_start            
00000000  __TI_static_base__              
000044cd  __TI_zero_init_nomemset         
000041d5  __aeabi_memclr                  
000041d5  __aeabi_memclr4                 
000041d5  __aeabi_memclr8                 
00004139  __aeabi_memcpy                  
00004139  __aeabi_memcpy4                 
00004139  __aeabi_memcpy8                 
000041d7  __aeabi_memset                  
000041d7  __aeabi_memset4                 
000041d7  __aeabi_memset8                 
ffffffff  __binit__                       
ffffffff  __c_args__                      
UNDEFED   __mpu_init                      
20000270  __stack                         
000043f1  _c_int00_noargs                 
20000ac0  _lock                           
00002b5b  _nop                            
20000670  _sys_memory                     
UNDEFED   _system_post_cinit              
000044ff  _system_pre_init                
20000ac4  _unlock                         
00004503  abort                           
ffffffff  binit                           
00003fa9  free                            
20000000  g_pfnRAMVectors                 
00000000  g_pfnVectors                    
00003ec9  main                            
00004251  malloc                          
00004139  memcpy                          
000041dd  memset                          
00004429  minit                           
000044b5  strcmp                          
00004461  strncmp                         


GLOBAL SYMBOLS: SORTED BY Symbol Address 

address   name                            
-------   ----                            
00000000  __TI_static_base__              
00000000  g_pfnVectors                    
0000032d  SysCtlSRAMSizeGet               
00000337  SysCtlFlashSizeGet              
00000363  SysCtlFlashSectorSizeGet        
00000389  SysCtlPeripheralPresent         
000003c9  SysCtlPeripheralReady           
00000400  __STACK_SIZE                    
00000400  __SYSMEM_SIZE                   
00000409  SysCtlPeripheralPowerOn         
00000445  SysCtlPeripheralPowerOff        
00000481  SysCtlPeripheralReset           
00000509  SysCtlPeripheralEnable          
00000545  SysCtlPeripheralDisable         
00000589  SysCtlPeripheralSleepEnable     
000005cd  SysCtlPeripheralSleepDisable    
00000609  SysCtlPeripheralDeepSleepEnable 
00000659  SysCtlPeripheralDeepSleepDisable
000006a1  SysCtlPeripheralClockGating     
000006f5  SysCtlIntRegister               
0000070d  SysCtlIntUnregister             
0000071d  SysCtlIntEnable                 
00000731  SysCtlIntDisable                
00000749  SysCtlIntClear                  
00000759  SysCtlIntStatus                 
00000775  SysCtlLDOSleepSet               
00000785  SysCtlLDOSleepGet               
0000078b  SysCtlLDODeepSleepSet           
0000079b  SysCtlLDODeepSleepGet           
000007a1  SysCtlSleepPowerSet             
000007b5  SysCtlDeepSleepPowerSet         
000007c5  SysCtlReset                     
000007cd  SysCtlSleep                     
000007d5  SysCtlDeepSleep                 
000007f1  SysCtlResetCauseGet             
000007f7  SysCtlResetCauseClear           
0000080b  SysCtlMOSCConfigSet             
00000821  SysCtlPIOSCCalibrate            
00000871  SysCtlResetBehaviorSet          
00000881  SysCtlResetBehaviorGet          
000008d1  SysCtlClockFreqSet              
00000bc9  SysCtlClockSet                  
00000d99  SysCtlClockGet                  
00000f3f  SysCtlDeepSleepClockSet         
00000f5d  SysCtlDeepSleepClockConfigSet   
00000fe7  SysCtlPWMClockSet               
00001001  SysCtlPWMClockGet               
00001017  SysCtlGPIOAHBEnable             
00001033  SysCtlGPIOAHBDisable            
0000104f  SysCtlUSBPLLEnable              
0000105b  SysCtlUSBPLLDisable             
0000106d  SysCtlVoltageEventConfig        
0000107d  SysCtlVoltageEventStatus        
00001089  SysCtlVoltageEventClear         
000010a1  SysCtlVCOGet                    
0000115d  SysCtlNMIStatus                 
00001171  SysCtlNMIClear                  
0000118d  SysCtlClockOutConfig            
000011a9  SysCtlAltClkConfig              
0000124b  GPIODirModeSet                  
000012a7  GPIODirModeGet                  
000012f3  GPIOIntTypeSet                  
00001397  GPIOIntTypeGet                  
00001421  GPIOPadConfigSet                
0000168f  GPIOPadConfigGet                
00001801  GPIOIntEnable                   
00001825  GPIOIntDisable                  
0000183f  GPIOIntStatus                   
00001861  GPIOIntClear                    
00001875  GPIOIntRegister                 
00001893  GPIOIntUnregister               
000018ad  GPIOIntRegisterPin              
000018db  GPIOIntUnregisterPin            
000018ff  GPIOPinRead                     
00001917  GPIOPinWrite                    
00001937  GPIOPinTypeADC                  
0000195b  GPIOPinTypeCAN                  
0000197f  GPIOPinTypeComparator           
000019a3  GPIOPinTypeComparatorOutput     
000019c7  GPIOPinTypeDIVSCLK              
000019eb  GPIOPinTypeEPI                  
00001a0f  GPIOPinTypeEthernetLED          
00001a33  GPIOPinTypeEthernetMII          
00001a57  GPIOPinTypeGPIOInput            
00001a7b  GPIOPinTypeGPIOOutput           
00001aa5  GPIOPinTypeGPIOOutputOD         
00001ac9  GPIOPinTypeHibernateRTCCLK      
00001aed  GPIOPinTypeI2C                  
00001b11  GPIOPinTypeI2CSCL               
00001b35  GPIOPinTypeLCD                  
00001b59  GPIOPinTypeOneWire              
00001b7d  GPIOPinTypePWM                  
00001ba1  GPIOPinTypeQEI                  
00001bc5  GPIOPinTypeSSI                  
00001be9  GPIOPinTypeTimer                
00001c0d  GPIOPinTypeTrace                
00001c31  GPIOPinTypeUART                 
00001c55  GPIOPinTypeUSBAnalog            
00001c79  GPIOPinTypeUSBDigital           
00001c9d  GPIOPinTypeWakeHigh             
00001cc3  GPIOPinTypeWakeLow              
00001ce9  GPIOPinWakeStatus               
00001cf9  GPIOPinConfigure                
00001d57  GPIODMATriggerEnable            
00001d75  GPIODMATriggerDisable           
00001d93  GPIOADCTriggerEnable            
00001db1  GPIOADCTriggerDisable           
00001dcf  GPIOUnlockPin                   
00001e01  PWMGenConfigure                 
00001e4b  PWMGenPeriodSet                 
00001e7b  PWMGenPeriodGet                 
00001ea5  PWMGenEnable                    
00001ebf  PWMGenDisable                   
00001ed9  PWMPulseWidthSet                
00001f23  PWMPulseWidthGet                
00001f6d  PWMDeadBandEnable               
00001fa5  PWMDeadBandDisable              
00001fc1  PWMSyncUpdate                   
00001fd3  PWMSyncTimeBase                 
00001fe5  PWMOutputState                  
00002017  PWMOutputInvert                 
00002049  PWMOutputFaultLevel             
0000207b  PWMOutputFault                  
000021ad  PWMGenIntRegister               
000021d5  PWMGenIntUnregister             
0000223b  PWMFaultIntRegister             
00002259  PWMFaultIntUnregister           
00002273  PWMGenIntTrigEnable             
00002291  PWMGenIntTrigDisable            
000022af  PWMGenIntStatus                 
000022d9  PWMGenIntClear                  
000022f1  PWMIntEnable                    
00002309  PWMIntDisable                   
00002321  PWMFaultIntClear                
00002333  PWMIntStatus                    
00002353  PWMFaultIntClearExt             
00002371  PWMGenFaultConfigure            
000023a1  PWMGenFaultTriggerSet           
000023cb  PWMGenFaultTriggerGet           
000023ef  PWMGenFaultStatus               
00002425  PWMGenFaultClear                
0000245b  PWMClockSet                     
0000247b  PWMClockGet                     
000024a5  PWMOutputUpdateMode             
0000258b  TimerEnable                     
000025a9  TimerDisable                    
000025c7  TimerConfigure                  
00002643  TimerControlLevel               
00002679  TimerControlTrigger             
000026e7  TimerControlEvent               
00002711  TimerControlStall               
00002747  TimerControlWaitOnTrigger       
000027a7  TimerRTCEnable                  
000027bd  TimerRTCDisable                 
000027d3  TimerClockSourceSet             
000027fd  TimerClockSourceGet             
0000280d  TimerPrescaleSet                
00002837  TimerPrescaleGet                
00002853  TimerPrescaleMatchSet           
00002881  TimerPrescaleMatchGet           
0000289d  TimerLoadSet                    
000028c7  TimerLoadGet                    
000028e3  TimerLoadSet64                  
000028fd  TimerLoadGet64                  
0000292f  TimerValueGet                   
0000294b  TimerValueGet64                 
0000297d  TimerMatchSet                   
000029a7  TimerMatchGet                   
000029c3  TimerMatchSet64                 
000029dd  TimerMatchGet64                 
00002a0f  TimerIntRegister                
00002a37  TimerIntUnregister              
00002a55  TimerIntEnable                  
00002a6d  TimerIntDisable                 
00002a85  TimerIntStatus                  
00002aa3  TimerIntClear                   
00002ab5  TimerSynchronize                
00002ac7  TimerADCEventSet                
00002ad9  TimerADCEventGet                
00002ae7  TimerDMAEventSet                
00002af9  TimerDMAEventGet                
00002b07  TimerUpdateMode                 
00002b5b  _nop                            
00002cb3  Sd_Init                         
00002fc1  Sd_ReadBlock                    
00003011  Sd_WriteBlock                   
00003065  Sd_ReadMultipleBlock            
000030f5  Sd_WriteMultipleBlock           
000033f1  FAT32_Init                      
00003415  FAT32_FilesCount                
00003481  FAT32_ReadFileAsBlocks          
00003561  FAT32_SearchFilesWithExtension  
00003617  IntMasterEnable                 
00003627  IntMasterDisable                
00003637  IntRegister                     
00003689  IntUnregister                   
0000369d  IntPriorityGroupingSet          
000036b7  IntPriorityGroupingGet          
000036ef  IntPrioritySet                  
0000373f  IntPriorityGet                  
00003763  IntEnable                       
000037d5  IntDisable                      
00003847  IntIsEnabled                    
000038cd  IntPendSet                      
0000393d  IntPendClear                    
0000398b  IntPriorityMaskSet              
00003997  IntPriorityMaskGet              
0000399f  IntTrigger                      
00003a33  SSIConfigSetExpClk              
00003aad  SSIEnable                       
00003ac3  SSIDisable                      
00003ad9  SSIIntRegister                  
00003af7  SSIIntUnregister                
00003b11  SSIIntEnable                    
00003b29  SSIIntDisable                   
00003b41  SSIIntStatus                    
00003b5f  SSIIntClear                     
00003b71  SSIDataPut                      
00003b8b  SSIDataPutNonBlocking           
00003bab  SSIDataGet                      
00003bc7  SSIDataGetNonBlocking           
00003be9  SSIDMAEnable                    
00003c01  SSIDMADisable                   
00003c19  SSIBusy                         
00003c37  SSIClockSourceSet               
00003c4b  SSIClockSourceGet               
00003c5b  SSIAdvModeSet                   
00003c8d  SSIAdvDataPutFrameEnd           
00003cb3  SSIAdvDataPutFrameEndNonBlocking
00003cdf  SSIAdvFrameHoldEnable           
00003cf5  SSIAdvFrameHoldDisable          
00003d0b  SSILoopbackEnable               
00003d21  SSILoopbackDisable              
00003db7  List_Create                     
00003ddb  List_Append                     
00003e31  List_GetDataAt                  
00003e61  List_Count                      
00003e6f  List_Remove                     
00003ec9  main                            
00003fa9  free                            
00004081  Time_Init                       
000040a1  Time_Delay_MS                   
000040e1  Time_Timeout_Trigger            
0000410b  Time_Timeout_Poll               
00004139  __aeabi_memcpy                  
00004139  __aeabi_memcpy4                 
00004139  __aeabi_memcpy8                 
00004139  memcpy                          
000041d5  __aeabi_memclr                  
000041d5  __aeabi_memclr4                 
000041d5  __aeabi_memclr8                 
000041d7  __aeabi_memset                  
000041d7  __aeabi_memset4                 
000041d7  __aeabi_memset8                 
000041dd  memset                          
00004251  malloc                          
000042c9  __TI_decompress_lzss            
00004331  __TI_auto_init_nobinit_nopinit  
00004375  CPUcpsid                        
00004381  CPUprimask                      
0000438b  CPUcpsie                        
00004397  CPUwfi                          
0000439b  CPUbasepriSet                   
000043a9  CPUbasepriGet                   
000043f1  _c_int00_noargs                 
00004429  minit                           
00004461  strncmp                         
000044b5  strcmp                          
000044cd  __TI_zero_init_nomemset         
000044df  __TI_decompress_none            
000044ed  ResetISR                        
000044f9  SysCtlDelay                     
000044ff  _system_pre_init                
00004503  C$$EXIT                         
00004503  abort                           
00004b88  __TI_Handler_Table_Base         
00004b94  __TI_Handler_Table_Limit        
00004ba8  __TI_CINIT_Base                 
00004bc0  __TI_CINIT_Limit                
20000000  g_pfnRAMVectors                 
20000270  __stack                         
20000470  __STACK_TOP                     
20000670  __STACK_END                     
20000670  _sys_memory                     
20000ac0  _lock                           
20000ac4  _unlock                         
ffffffff  __TI_pprof_out_hndl             
ffffffff  __TI_prof_data_size             
ffffffff  __TI_prof_data_start            
ffffffff  __binit__                       
ffffffff  __c_args__                      
ffffffff  binit                           
UNDEFED   __mpu_init                      
UNDEFED   _system_post_cinit              

[294 symbols]
