<?xml version="1.0" encoding="ISO-8859-1" ?>
<link_info>
   <banner>TI ARM Linker Unix v18.1.1.LTS</banner>
   <copyright>Copyright (c) 1996-2017 Texas Instruments Incorporated</copyright>
   <link_time>0x5f2495d7</link_time>
   <link_errors>0x0</link_errors>
   <output_file>Mp3Player.out</output_file>
   <entry_point>
      <name>_c_int00_noargs</name>
      <address>0x43f1</address>
   </entry_point>
   <input_file_list>
      <input_file id="fl-2">
         <path>./</path>
         <kind>object</kind>
         <file>FAT32.obj</file>
         <name>FAT32.obj</name>
      </input_file>
      <input_file id="fl-3">
         <path>./</path>
         <kind>object</kind>
         <file>Linked_List.obj</file>
         <name>Linked_List.obj</name>
      </input_file>
      <input_file id="fl-4">
         <path>./</path>
         <kind>object</kind>
         <file>Mp3Decoder.obj</file>
         <name>Mp3Decoder.obj</name>
      </input_file>
      <input_file id="fl-5">
         <path>./</path>
         <kind>object</kind>
         <file>Mp3Player.obj</file>
         <name>Mp3Player.obj</name>
      </input_file>
      <input_file id="fl-6">
         <path>./</path>
         <kind>object</kind>
         <file>SD_Card.obj</file>
         <name>SD_Card.obj</name>
      </input_file>
      <input_file id="fl-7">
         <path>./</path>
         <kind>object</kind>
         <file>Time.obj</file>
         <name>Time.obj</name>
      </input_file>
      <input_file id="fl-8">
         <path>./</path>
         <kind>object</kind>
         <file>main.obj</file>
         <name>main.obj</name>
      </input_file>
      <input_file id="fl-9">
         <path>./</path>
         <kind>object</kind>
         <file>tm4c123gh6pm_startup_ccs.obj</file>
         <name>tm4c123gh6pm_startup_ccs.obj</name>
      </input_file>
      <input_file id="fl-a">
         <path>./driverlib/</path>
         <kind>object</kind>
         <file>adc.obj</file>
         <name>adc.obj</name>
      </input_file>
      <input_file id="fl-b">
         <path>./driverlib/</path>
         <kind>object</kind>
         <file>aes.obj</file>
         <name>aes.obj</name>
      </input_file>
      <input_file id="fl-c">
         <path>./driverlib/</path>
         <kind>object</kind>
         <file>can.obj</file>
         <name>can.obj</name>
      </input_file>
      <input_file id="fl-d">
         <path>./driverlib/</path>
         <kind>object</kind>
         <file>comp.obj</file>
         <name>comp.obj</name>
      </input_file>
      <input_file id="fl-e">
         <path>./driverlib/</path>
         <kind>object</kind>
         <file>cpu.obj</file>
         <name>cpu.obj</name>
      </input_file>
      <input_file id="fl-f">
         <path>./driverlib/</path>
         <kind>object</kind>
         <file>crc.obj</file>
         <name>crc.obj</name>
      </input_file>
      <input_file id="fl-10">
         <path>./driverlib/</path>
         <kind>object</kind>
         <file>des.obj</file>
         <name>des.obj</name>
      </input_file>
      <input_file id="fl-11">
         <path>./driverlib/</path>
         <kind>object</kind>
         <file>eeprom.obj</file>
         <name>eeprom.obj</name>
      </input_file>
      <input_file id="fl-12">
         <path>./driverlib/</path>
         <kind>object</kind>
         <file>emac.obj</file>
         <name>emac.obj</name>
      </input_file>
      <input_file id="fl-13">
         <path>./driverlib/</path>
         <kind>object</kind>
         <file>epi.obj</file>
         <name>epi.obj</name>
      </input_file>
      <input_file id="fl-14">
         <path>./driverlib/</path>
         <kind>object</kind>
         <file>epi_workaround_ccs.obj</file>
         <name>epi_workaround_ccs.obj</name>
      </input_file>
      <input_file id="fl-15">
         <path>./driverlib/</path>
         <kind>object</kind>
         <file>flash.obj</file>
         <name>flash.obj</name>
      </input_file>
      <input_file id="fl-16">
         <path>./driverlib/</path>
         <kind>object</kind>
         <file>fpu.obj</file>
         <name>fpu.obj</name>
      </input_file>
      <input_file id="fl-17">
         <path>./driverlib/</path>
         <kind>object</kind>
         <file>gpio.obj</file>
         <name>gpio.obj</name>
      </input_file>
      <input_file id="fl-18">
         <path>./driverlib/</path>
         <kind>object</kind>
         <file>hibernate.obj</file>
         <name>hibernate.obj</name>
      </input_file>
      <input_file id="fl-19">
         <path>./driverlib/</path>
         <kind>object</kind>
         <file>i2c.obj</file>
         <name>i2c.obj</name>
      </input_file>
      <input_file id="fl-1a">
         <path>./driverlib/</path>
         <kind>object</kind>
         <file>interrupt.obj</file>
         <name>interrupt.obj</name>
      </input_file>
      <input_file id="fl-1b">
         <path>./driverlib/</path>
         <kind>object</kind>
         <file>lcd.obj</file>
         <name>lcd.obj</name>
      </input_file>
      <input_file id="fl-1c">
         <path>./driverlib/</path>
         <kind>object</kind>
         <file>mpu.obj</file>
         <name>mpu.obj</name>
      </input_file>
      <input_file id="fl-1d">
         <path>./driverlib/</path>
         <kind>object</kind>
         <file>onewire.obj</file>
         <name>onewire.obj</name>
      </input_file>
      <input_file id="fl-1e">
         <path>./driverlib/</path>
         <kind>object</kind>
         <file>pwm.obj</file>
         <name>pwm.obj</name>
      </input_file>
      <input_file id="fl-1f">
         <path>./driverlib/</path>
         <kind>object</kind>
         <file>qei.obj</file>
         <name>qei.obj</name>
      </input_file>
      <input_file id="fl-20">
         <path>./driverlib/</path>
         <kind>object</kind>
         <file>shamd5.obj</file>
         <name>shamd5.obj</name>
      </input_file>
      <input_file id="fl-21">
         <path>./driverlib/</path>
         <kind>object</kind>
         <file>ssi.obj</file>
         <name>ssi.obj</name>
      </input_file>
      <input_file id="fl-22">
         <path>./driverlib/</path>
         <kind>object</kind>
         <file>sw_crc.obj</file>
         <name>sw_crc.obj</name>
      </input_file>
      <input_file id="fl-23">
         <path>./driverlib/</path>
         <kind>object</kind>
         <file>sysctl.obj</file>
         <name>sysctl.obj</name>
      </input_file>
      <input_file id="fl-24">
         <path>./driverlib/</path>
         <kind>object</kind>
         <file>sysexc.obj</file>
         <name>sysexc.obj</name>
      </input_file>
      <input_file id="fl-25">
         <path>./driverlib/</path>
         <kind>object</kind>
         <file>systick.obj</file>
         <name>systick.obj</name>
      </input_file>
      <input_file id="fl-26">
         <path>./driverlib/</path>
         <kind>object</kind>
         <file>timer.obj</file>
         <name>timer.obj</name>
      </input_file>
      <input_file id="fl-27">
         <path>./driverlib/</path>
         <kind>object</kind>
         <file>uart.obj</file>
         <name>uart.obj</name>
      </input_file>
      <input_file id="fl-28">
         <path>./driverlib/</path>
         <kind>object</kind>
         <file>udma.obj</file>
         <name>udma.obj</name>
      </input_file>
      <input_file id="fl-29">
         <path>./driverlib/</path>
         <kind>object</kind>
         <file>usb.obj</file>
         <name>usb.obj</name>
      </input_file>
      <input_file id="fl-2a">
         <path>./driverlib/</path>
         <kind>object</kind>
         <file>watchdog.obj</file>
         <name>watchdog.obj</name>
      </input_file>
      <input_file id="fl-32">
         <kind>object</kind>
         <file>&lt;internal&gt;</file>
         <name>&lt;internal&gt;</name>
      </input_file>
      <input_file id="fl-e8">
         <path>/home/pola/ti/ccsv8/tools/compiler/ti-cgt-arm_18.1.1.LTS/lib/</path>
         <kind>archive</kind>
         <file>rtsv7M4_T_le_v4SPD16_eabi.lib</file>
         <name>u_divt2.asm.obj</name>
      </input_file>
      <input_file id="fl-e9">
         <path>/home/pola/ti/ccsv8/tools/compiler/ti-cgt-arm_18.1.1.LTS/lib/</path>
         <kind>archive</kind>
         <file>rtsv7M4_T_le_v4SPD16_eabi.lib</file>
         <name>memcpy_t2.asm.obj</name>
      </input_file>
      <input_file id="fl-ea">
         <path>/home/pola/ti/ccsv8/tools/compiler/ti-cgt-arm_18.1.1.LTS/lib/</path>
         <kind>archive</kind>
         <file>rtsv7M4_T_le_v4SPD16_eabi.lib</file>
         <name>memset_t2.asm.obj</name>
      </input_file>
      <input_file id="fl-eb">
         <path>/home/pola/ti/ccsv8/tools/compiler/ti-cgt-arm_18.1.1.LTS/lib/</path>
         <kind>archive</kind>
         <file>rtsv7M4_T_le_v4SPD16_eabi.lib</file>
         <name>copy_zero_init.c.obj</name>
      </input_file>
      <input_file id="fl-ec">
         <path>/home/pola/ti/ccsv8/tools/compiler/ti-cgt-arm_18.1.1.LTS/lib/</path>
         <kind>archive</kind>
         <file>rtsv7M4_T_le_v4SPD16_eabi.lib</file>
         <name>copy_decompress_none.c.obj</name>
      </input_file>
      <input_file id="fl-ed">
         <path>/home/pola/ti/ccsv8/tools/compiler/ti-cgt-arm_18.1.1.LTS/lib/</path>
         <kind>archive</kind>
         <file>rtsv7M4_T_le_v4SPD16_eabi.lib</file>
         <name>copy_decompress_lzss.c.obj</name>
      </input_file>
      <input_file id="fl-ee">
         <path>/home/pola/ti/ccsv8/tools/compiler/ti-cgt-arm_18.1.1.LTS/lib/</path>
         <kind>archive</kind>
         <file>rtsv7M4_T_le_v4SPD16_eabi.lib</file>
         <name>boot_cortex_m.c.obj</name>
      </input_file>
      <input_file id="fl-ef">
         <path>/home/pola/ti/ccsv8/tools/compiler/ti-cgt-arm_18.1.1.LTS/lib/</path>
         <kind>archive</kind>
         <file>rtsv7M4_T_le_v4SPD16_eabi.lib</file>
         <name>exit.c.obj</name>
      </input_file>
      <input_file id="fl-f0">
         <path>/home/pola/ti/ccsv8/tools/compiler/ti-cgt-arm_18.1.1.LTS/lib/</path>
         <kind>archive</kind>
         <file>rtsv7M4_T_le_v4SPD16_eabi.lib</file>
         <name>memory.c.obj</name>
      </input_file>
      <input_file id="fl-f1">
         <path>/home/pola/ti/ccsv8/tools/compiler/ti-cgt-arm_18.1.1.LTS/lib/</path>
         <kind>archive</kind>
         <file>rtsv7M4_T_le_v4SPD16_eabi.lib</file>
         <name>_lock.c.obj</name>
      </input_file>
      <input_file id="fl-f2">
         <path>/home/pola/ti/ccsv8/tools/compiler/ti-cgt-arm_18.1.1.LTS/lib/</path>
         <kind>archive</kind>
         <file>rtsv7M4_T_le_v4SPD16_eabi.lib</file>
         <name>args_main.c.obj</name>
      </input_file>
      <input_file id="fl-f3">
         <path>/home/pola/ti/ccsv8/tools/compiler/ti-cgt-arm_18.1.1.LTS/lib/</path>
         <kind>archive</kind>
         <file>rtsv7M4_T_le_v4SPD16_eabi.lib</file>
         <name>memmov.c.obj</name>
      </input_file>
      <input_file id="fl-f4">
         <path>/home/pola/ti/ccsv8/tools/compiler/ti-cgt-arm_18.1.1.LTS/lib/</path>
         <kind>archive</kind>
         <file>rtsv7M4_T_le_v4SPD16_eabi.lib</file>
         <name>strcmp.c.obj</name>
      </input_file>
      <input_file id="fl-f5">
         <path>/home/pola/ti/ccsv8/tools/compiler/ti-cgt-arm_18.1.1.LTS/lib/</path>
         <kind>archive</kind>
         <file>rtsv7M4_T_le_v4SPD16_eabi.lib</file>
         <name>strncmp.c.obj</name>
      </input_file>
      <input_file id="fl-f6">
         <path>/home/pola/ti/ccsv8/tools/compiler/ti-cgt-arm_18.1.1.LTS/lib/</path>
         <kind>archive</kind>
         <file>rtsv7M4_T_le_v4SPD16_eabi.lib</file>
         <name>div0.asm.obj</name>
      </input_file>
      <input_file id="fl-f7">
         <path>/home/pola/ti/ccsv8/tools/compiler/ti-cgt-arm_18.1.1.LTS/lib/</path>
         <kind>archive</kind>
         <file>rtsv7M4_T_le_v4SPD16_eabi.lib</file>
         <name>autoinit.c.obj</name>
      </input_file>
      <input_file id="fl-f8">
         <path>/home/pola/ti/ccsv8/tools/compiler/ti-cgt-arm_18.1.1.LTS/lib/</path>
         <kind>archive</kind>
         <file>rtsv7M4_T_le_v4SPD16_eabi.lib</file>
         <name>pre_init.c.obj</name>
      </input_file>
      <input_file id="fl-f9">
         <path>/home/pola/ti/ccsv8/tools/compiler/ti-cgt-arm_18.1.1.LTS/lib/</path>
         <kind>archive</kind>
         <file>rtsv7M4_T_le_v4SPD16_eabi.lib</file>
         <name>cpy_tbl.c.obj</name>
      </input_file>
   </input_file_list>
   <object_component_list>
      <object_component id="oc-f">
         <name>.intvecs</name>
         <load_address>0x0</load_address>
         <run_address>0x0</run_address>
         <size>0x26c</size>
         <input_file_ref idref="fl-9"/>
      </object_component>
      <object_component id="oc-d3">
         <name>.text</name>
         <load_address>0x26c</load_address>
         <run_address>0x26c</run_address>
         <size>0xf80</size>
         <input_file_ref idref="fl-23"/>
      </object_component>
      <object_component id="oc-d9">
         <name>.text</name>
         <load_address>0x11ec</load_address>
         <run_address>0x11ec</run_address>
         <size>0xc14</size>
         <input_file_ref idref="fl-17"/>
      </object_component>
      <object_component id="oc-df">
         <name>.text</name>
         <load_address>0x1e00</load_address>
         <run_address>0x1e00</run_address>
         <size>0x718</size>
         <input_file_ref idref="fl-1e"/>
      </object_component>
      <object_component id="oc-17a">
         <name>.text</name>
         <load_address>0x2518</load_address>
         <run_address>0x2518</run_address>
         <size>0x642</size>
         <input_file_ref idref="fl-26"/>
      </object_component>
      <object_component id="oc-240">
         <name>.text:_nop</name>
         <load_address>0x2b5a</load_address>
         <run_address>0x2b5a</run_address>
         <size>0x2</size>
         <input_file_ref idref="fl-f1"/>
      </object_component>
      <object_component id="oc-eb">
         <name>.text</name>
         <load_address>0x2b5c</load_address>
         <run_address>0x2b5c</run_address>
         <size>0x5fc</size>
         <input_file_ref idref="fl-6"/>
      </object_component>
      <object_component id="oc-f1">
         <name>.text</name>
         <load_address>0x3158</load_address>
         <run_address>0x3158</run_address>
         <size>0x4bc</size>
         <input_file_ref idref="fl-2"/>
      </object_component>
      <object_component id="oc-150">
         <name>.text</name>
         <load_address>0x3614</load_address>
         <run_address>0x3614</run_address>
         <size>0x3c0</size>
         <input_file_ref idref="fl-1a"/>
      </object_component>
      <object_component id="oc-181">
         <name>.text</name>
         <load_address>0x39d4</load_address>
         <run_address>0x39d4</run_address>
         <size>0x362</size>
         <input_file_ref idref="fl-21"/>
      </object_component>
      <object_component id="oc-19b">
         <name>.text</name>
         <load_address>0x3d36</load_address>
         <run_address>0x3d36</run_address>
         <size>0x190</size>
         <input_file_ref idref="fl-3"/>
      </object_component>
      <object_component id="oc-9f">
         <name>.text</name>
         <load_address>0x3ec8</load_address>
         <run_address>0x3ec8</run_address>
         <size>0xe0</size>
         <input_file_ref idref="fl-8"/>
      </object_component>
      <object_component id="oc-22e">
         <name>.text:free</name>
         <load_address>0x3fa8</load_address>
         <run_address>0x3fa8</run_address>
         <size>0xd8</size>
         <input_file_ref idref="fl-f0"/>
      </object_component>
      <object_component id="oc-e5">
         <name>.text</name>
         <load_address>0x4080</load_address>
         <run_address>0x4080</run_address>
         <size>0xb8</size>
         <input_file_ref idref="fl-7"/>
      </object_component>
      <object_component id="oc-3b">
         <name>.text</name>
         <load_address>0x4138</load_address>
         <run_address>0x4138</run_address>
         <size>0x9c</size>
         <input_file_ref idref="fl-e9"/>
      </object_component>
      <object_component id="oc-93">
         <name>.text</name>
         <load_address>0x41d4</load_address>
         <run_address>0x41d4</run_address>
         <size>0x7a</size>
         <input_file_ref idref="fl-ea"/>
      </object_component>
      <object_component id="oc-195">
         <name>.text:malloc</name>
         <load_address>0x4250</load_address>
         <run_address>0x4250</run_address>
         <size>0x78</size>
         <input_file_ref idref="fl-f0"/>
      </object_component>
      <object_component id="oc-12">
         <name>.text:decompress:lzss:__TI_decompress_lzss</name>
         <load_address>0x42c8</load_address>
         <run_address>0x42c8</run_address>
         <size>0x68</size>
         <input_file_ref idref="fl-ed"/>
      </object_component>
      <object_component id="oc-10a">
         <name>.text:__TI_auto_init_nobinit_nopinit:__TI_auto_init_nobinit_nopinit</name>
         <load_address>0x4330</load_address>
         <run_address>0x4330</run_address>
         <size>0x44</size>
         <input_file_ref idref="fl-f7"/>
      </object_component>
      <object_component id="oc-156">
         <name>.text</name>
         <load_address>0x4374</load_address>
         <run_address>0x4374</run_address>
         <size>0x3e</size>
         <input_file_ref idref="fl-e"/>
      </object_component>
      <object_component id="oc-224">
         <name>.text:minsert</name>
         <load_address>0x43b4</load_address>
         <run_address>0x43b4</run_address>
         <size>0x3c</size>
         <input_file_ref idref="fl-f0"/>
      </object_component>
      <object_component id="oc-59">
         <name>.text:_c_int00_noargs:_c_int00_noargs</name>
         <load_address>0x43f0</load_address>
         <run_address>0x43f0</run_address>
         <size>0x38</size>
         <input_file_ref idref="fl-ee"/>
      </object_component>
      <object_component id="oc-218">
         <name>.text:minit</name>
         <load_address>0x4428</load_address>
         <run_address>0x4428</run_address>
         <size>0x38</size>
         <input_file_ref idref="fl-f0"/>
      </object_component>
      <object_component id="oc-1aa">
         <name>.text:strncmp</name>
         <load_address>0x4460</load_address>
         <run_address>0x4460</run_address>
         <size>0x2c</size>
         <input_file_ref idref="fl-f5"/>
      </object_component>
      <object_component id="oc-21e">
         <name>.text:mremove</name>
         <load_address>0x448c</load_address>
         <run_address>0x448c</run_address>
         <size>0x28</size>
         <input_file_ref idref="fl-f0"/>
      </object_component>
      <object_component id="oc-18f">
         <name>.text:strcmp</name>
         <load_address>0x44b4</load_address>
         <run_address>0x44b4</run_address>
         <size>0x18</size>
         <input_file_ref idref="fl-f4"/>
      </object_component>
      <object_component id="oc-47">
         <name>.text:decompress:ZI:__TI_zero_init_nomemset:__TI_zero_init_nomemset</name>
         <load_address>0x44cc</load_address>
         <run_address>0x44cc</run_address>
         <size>0x12</size>
         <input_file_ref idref="fl-eb"/>
      </object_component>
      <object_component id="oc-18">
         <name>.text:decompress:none:__TI_decompress_none</name>
         <load_address>0x44de</load_address>
         <run_address>0x44de</run_address>
         <size>0xe</size>
         <input_file_ref idref="fl-ec"/>
      </object_component>
      <object_component id="oc-27">
         <name>.text</name>
         <load_address>0x44ec</load_address>
         <run_address>0x44ec</run_address>
         <size>0xc</size>
         <input_file_ref idref="fl-9"/>
      </object_component>
      <object_component id="oc-165">
         <name>.text:SysCtlDelay</name>
         <load_address>0x44f8</load_address>
         <run_address>0x44f8</run_address>
         <size>0x6</size>
         <input_file_ref idref="fl-23"/>
      </object_component>
      <object_component id="oc-99">
         <name>.text:_system_pre_init</name>
         <load_address>0x44fe</load_address>
         <run_address>0x44fe</run_address>
         <size>0x4</size>
         <input_file_ref idref="fl-f8"/>
      </object_component>
      <object_component id="oc-fe">
         <name>.text:abort:abort</name>
         <load_address>0x4502</load_address>
         <run_address>0x4502</run_address>
         <size>0x4</size>
         <input_file_ref idref="fl-ef"/>
      </object_component>
      <object_component id="oc-162">
         <name>.const:g_pppui32XTALtoVCO</name>
         <load_address>0x4508</load_address>
         <run_address>0x4508</run_address>
         <size>0x1b0</size>
         <input_file_ref idref="fl-23"/>
      </object_component>
      <object_component id="oc-170">
         <name>.const:g_ppui32GPIOIntMapSnowflake</name>
         <load_address>0x46b8</load_address>
         <run_address>0x46b8</run_address>
         <size>0xd8</size>
         <input_file_ref idref="fl-17"/>
      </object_component>
      <object_component id="oc-16d">
         <name>.const:g_ppui32GPIOIntMapBlizzard</name>
         <load_address>0x4790</load_address>
         <run_address>0x4790</run_address>
         <size>0xc0</size>
         <input_file_ref idref="fl-17"/>
      </object_component>
      <object_component id="oc-1dc">
         <name>.const:g_pui32Regs</name>
         <load_address>0x4850</load_address>
         <run_address>0x4850</run_address>
         <size>0x9c</size>
         <input_file_ref idref="fl-1a"/>
      </object_component>
      <object_component id="oc-173">
         <name>.const:g_pui32GPIOBaseAddrs</name>
         <load_address>0x48ec</load_address>
         <run_address>0x48ec</run_address>
         <size>0x90</size>
         <input_file_ref idref="fl-17"/>
      </object_component>
      <object_component id="oc-15c">
         <name>.const:g_pui32Xtals</name>
         <load_address>0x497c</load_address>
         <run_address>0x497c</run_address>
         <size>0x6c</size>
         <input_file_ref idref="fl-23"/>
      </object_component>
      <object_component id="oc-204">
         <name>.const:g_ppui32TimerIntMap</name>
         <load_address>0x49e8</load_address>
         <run_address>0x49e8</run_address>
         <size>0x60</size>
         <input_file_ref idref="fl-26"/>
      </object_component>
      <object_component id="oc-207">
         <name>.const:g_ppui32TimerIntMapSnowflake</name>
         <load_address>0x4a48</load_address>
         <run_address>0x4a48</run_address>
         <size>0x40</size>
         <input_file_ref idref="fl-26"/>
      </object_component>
      <object_component id="oc-14d">
         <name>.const:g_sXTALtoMEMTIM</name>
         <load_address>0x4a88</load_address>
         <run_address>0x4a88</run_address>
         <size>0x30</size>
         <input_file_ref idref="fl-23"/>
      </object_component>
      <object_component id="oc-20c">
         <name>.const:g_ppui32SSIIntMap</name>
         <load_address>0x4ab8</load_address>
         <run_address>0x4ab8</run_address>
         <size>0x20</size>
         <input_file_ref idref="fl-21"/>
      </object_component>
      <object_component id="oc-20f">
         <name>.const:g_ppui32SSIIntMapSnowflake</name>
         <load_address>0x4ad8</load_address>
         <run_address>0x4ad8</run_address>
         <size>0x20</size>
         <input_file_ref idref="fl-21"/>
      </object_component>
      <object_component id="oc-1d9">
         <name>.const:g_pui32Priority</name>
         <load_address>0x4af8</load_address>
         <run_address>0x4af8</run_address>
         <size>0x20</size>
         <input_file_ref idref="fl-1a"/>
      </object_component>
      <object_component id="oc-1e2">
         <name>.const:g_pui32Dii16Regs</name>
         <load_address>0x4b18</load_address>
         <run_address>0x4b18</run_address>
         <size>0x14</size>
         <input_file_ref idref="fl-1a"/>
      </object_component>
      <object_component id="oc-1df">
         <name>.const:g_pui32EnRegs</name>
         <load_address>0x4b2c</load_address>
         <run_address>0x4b2c</run_address>
         <size>0x14</size>
         <input_file_ref idref="fl-1a"/>
      </object_component>
      <object_component id="oc-1e5">
         <name>.const:g_pui32PendRegs</name>
         <load_address>0x4b40</load_address>
         <run_address>0x4b40</run_address>
         <size>0x14</size>
         <input_file_ref idref="fl-1a"/>
      </object_component>
      <object_component id="oc-1e8">
         <name>.const:g_pui32UnpendRegs</name>
         <load_address>0x4b54</load_address>
         <run_address>0x4b54</run_address>
         <size>0x14</size>
         <input_file_ref idref="fl-1a"/>
      </object_component>
      <object_component id="oc-15f">
         <name>.const:g_pui32VCOFrequencies</name>
         <load_address>0x4b68</load_address>
         <run_address>0x4b68</run_address>
         <size>0x8</size>
         <input_file_ref idref="fl-23"/>
      </object_component>
      <object_component id="oc-2cf">
         <name>.cinit..data.load</name>
         <load_address>0x4b70</load_address>
         <run_address>0x4b70</run_address>
         <size>0x18</size>
      </object_component>
      <object_component id="oc-2cc">
         <name>__TI_handler_table</name>
         <load_address>0x4b88</load_address>
         <run_address>0x4b88</run_address>
         <size>0xc</size>
      </object_component>
      <object_component id="oc-2d0">
         <name>.cinit..bss.load</name>
         <load_address>0x4b98</load_address>
         <run_address>0x4b98</run_address>
         <size>0x8</size>
      </object_component>
      <object_component id="oc-2ce">
         <name>.cinit..vtable.load</name>
         <load_address>0x4ba0</load_address>
         <run_address>0x4ba0</run_address>
         <size>0x8</size>
      </object_component>
      <object_component id="oc-2cd">
         <name>__TI_cinit_table</name>
         <load_address>0x4ba8</load_address>
         <run_address>0x4ba8</run_address>
         <size>0x18</size>
      </object_component>
      <object_component id="oc-1d6">
         <name>.vtable</name>
         <uninitialized>true</uninitialized>
         <run_address>0x20000000</run_address>
         <size>0x26c</size>
         <input_file_ref idref="fl-1a"/>
      </object_component>
      <object_component id="oc-1b0">
         <name>.data</name>
         <load_address>0x20000ac8</load_address>
         <run_address>0x20000ac8</run_address>
         <size>0x1</size>
         <input_file_ref idref="fl-2"/>
      </object_component>
      <object_component id="oc-187">
         <name>.data</name>
         <load_address>0x20000ac9</load_address>
         <run_address>0x20000ac9</run_address>
         <size>0x1</size>
         <input_file_ref idref="fl-6"/>
      </object_component>
      <object_component id="oc-22a">
         <name>.data:$O1$$</name>
         <load_address>0x20000ab4</load_address>
         <run_address>0x20000ab4</run_address>
         <size>0xc</size>
         <input_file_ref idref="fl-f0"/>
      </object_component>
      <object_component id="oc-1b8">
         <name>.data:$O1$$</name>
         <load_address>0x20000ac0</load_address>
         <run_address>0x20000ac0</run_address>
         <size>0x8</size>
         <input_file_ref idref="fl-f1"/>
      </object_component>
      <object_component id="oc-1a4">
         <name>.bss:volume_boot_area</name>
         <uninitialized>true</uninitialized>
         <run_address>0x20000a70</run_address>
         <size>0x18</size>
         <input_file_ref idref="fl-2"/>
      </object_component>
      <object_component id="oc-1a1">
         <name>.bss:volume_map</name>
         <uninitialized>true</uninitialized>
         <run_address>0x20000a88</run_address>
         <size>0x18</size>
         <input_file_ref idref="fl-2"/>
      </object_component>
      <object_component id="oc-1a7">
         <name>.bss</name>
         <uninitialized>true</uninitialized>
         <run_address>0x20000aa0</run_address>
         <size>0x14</size>
         <input_file_ref idref="fl-2"/>
      </object_component>
      <object_component id="oc-24">
         <name>.sysmem</name>
         <uninitialized>true</uninitialized>
         <run_address>0x20000670</run_address>
         <size>0x8</size>
         <input_file_ref idref="fl-f0"/>
      </object_component>
      <object_component id="oc-2d2">
         <name>.sysmem</name>
         <uninitialized>true</uninitialized>
         <run_address>0x20000670</run_address>
         <size>0x0</size>
      </object_component>
      <object_component id="oc-21">
         <name>.stack</name>
         <uninitialized>true</uninitialized>
         <run_address>0x20000270</run_address>
         <size>0x4</size>
         <input_file_ref idref="fl-ee"/>
      </object_component>
      <object_component id="oc-2d1">
         <name>.stack</name>
         <uninitialized>true</uninitialized>
         <run_address>0x20000270</run_address>
         <size>0x0</size>
      </object_component>
      <object_component id="oc-c2">
         <name>.debug_info</name>
         <load_address>0x0</load_address>
         <run_address>0x0</run_address>
         <size>0x47e</size>
         <input_file_ref idref="fl-2"/>
      </object_component>
      <object_component id="oc-1a5">
         <name>.debug_info</name>
         <load_address>0x47e</load_address>
         <run_address>0x47e</run_address>
         <size>0xd6</size>
         <input_file_ref idref="fl-2"/>
      </object_component>
      <object_component id="oc-1a2">
         <name>.debug_info</name>
         <load_address>0x554</load_address>
         <run_address>0x554</run_address>
         <size>0xca</size>
         <input_file_ref idref="fl-2"/>
      </object_component>
      <object_component id="oc-1a8">
         <name>.debug_info</name>
         <load_address>0x61e</load_address>
         <run_address>0x61e</run_address>
         <size>0xd2</size>
         <input_file_ref idref="fl-2"/>
      </object_component>
      <object_component id="oc-f2">
         <name>.debug_info</name>
         <load_address>0x6f0</load_address>
         <run_address>0x6f0</run_address>
         <size>0x1051</size>
         <input_file_ref idref="fl-2"/>
      </object_component>
      <object_component id="oc-143">
         <name>.debug_info</name>
         <load_address>0x1741</load_address>
         <run_address>0x1741</run_address>
         <size>0x251</size>
         <input_file_ref idref="fl-2"/>
      </object_component>
      <object_component id="oc-13e">
         <name>.debug_info</name>
         <load_address>0x1992</load_address>
         <run_address>0x1992</run_address>
         <size>0x13a</size>
         <input_file_ref idref="fl-2"/>
      </object_component>
      <object_component id="oc-74">
         <name>.debug_info</name>
         <load_address>0x1acc</load_address>
         <run_address>0x1acc</run_address>
         <size>0x26b</size>
         <input_file_ref idref="fl-2"/>
      </object_component>
      <object_component id="oc-36">
         <name>.debug_info</name>
         <load_address>0x1d37</load_address>
         <run_address>0x1d37</run_address>
         <size>0x84</size>
         <input_file_ref idref="fl-2"/>
      </object_component>
      <object_component id="oc-bd">
         <name>.debug_info</name>
         <load_address>0x1dbb</load_address>
         <run_address>0x1dbb</run_address>
         <size>0x297</size>
         <input_file_ref idref="fl-2"/>
      </object_component>
      <object_component id="oc-167">
         <name>.debug_info</name>
         <load_address>0x2052</load_address>
         <run_address>0x2052</run_address>
         <size>0xef</size>
         <input_file_ref idref="fl-2"/>
      </object_component>
      <object_component id="oc-79">
         <name>.debug_info</name>
         <load_address>0x2141</load_address>
         <run_address>0x2141</run_address>
         <size>0xbb</size>
         <input_file_ref idref="fl-2"/>
      </object_component>
      <object_component id="oc-ca">
         <name>.debug_info</name>
         <load_address>0x21fc</load_address>
         <run_address>0x21fc</run_address>
         <size>0x2c</size>
         <input_file_ref idref="fl-2"/>
      </object_component>
      <object_component id="oc-148">
         <name>.debug_info</name>
         <load_address>0x2228</load_address>
         <run_address>0x2228</run_address>
         <size>0x35</size>
         <input_file_ref idref="fl-2"/>
      </object_component>
      <object_component id="oc-235">
         <name>.debug_info</name>
         <load_address>0x225d</load_address>
         <run_address>0x225d</run_address>
         <size>0x2d4</size>
         <input_file_ref idref="fl-3"/>
      </object_component>
      <object_component id="oc-19c">
         <name>.debug_info</name>
         <load_address>0x2531</load_address>
         <run_address>0x2531</run_address>
         <size>0x5a4</size>
         <input_file_ref idref="fl-3"/>
      </object_component>
      <object_component id="oc-28f">
         <name>.debug_info</name>
         <load_address>0x2ad5</load_address>
         <run_address>0x2ad5</run_address>
         <size>0x110</size>
         <input_file_ref idref="fl-3"/>
      </object_component>
      <object_component id="oc-28a">
         <name>.debug_info</name>
         <load_address>0x2be5</load_address>
         <run_address>0x2be5</run_address>
         <size>0xc0</size>
         <input_file_ref idref="fl-3"/>
      </object_component>
      <object_component id="oc-285">
         <name>.debug_info</name>
         <load_address>0x2ca5</load_address>
         <run_address>0x2ca5</run_address>
         <size>0x2c</size>
         <input_file_ref idref="fl-3"/>
      </object_component>
      <object_component id="oc-189">
         <name>.debug_info</name>
         <load_address>0x2cd1</load_address>
         <run_address>0x2cd1</run_address>
         <size>0x713</size>
         <input_file_ref idref="fl-6"/>
      </object_component>
      <object_component id="oc-ec">
         <name>.debug_info</name>
         <load_address>0x33e4</load_address>
         <run_address>0x33e4</run_address>
         <size>0xf6a</size>
         <input_file_ref idref="fl-6"/>
      </object_component>
      <object_component id="oc-18a">
         <name>.debug_info</name>
         <load_address>0x434e</load_address>
         <run_address>0x434e</run_address>
         <size>0x133</size>
         <input_file_ref idref="fl-6"/>
      </object_component>
      <object_component id="oc-f8">
         <name>.debug_info</name>
         <load_address>0x4481</load_address>
         <run_address>0x4481</run_address>
         <size>0x8b</size>
         <input_file_ref idref="fl-6"/>
      </object_component>
      <object_component id="oc-e6">
         <name>.debug_info</name>
         <load_address>0x450c</load_address>
         <run_address>0x450c</run_address>
         <size>0x36d</size>
         <input_file_ref idref="fl-7"/>
      </object_component>
      <object_component id="oc-fd">
         <name>.debug_info</name>
         <load_address>0x4879</load_address>
         <run_address>0x4879</run_address>
         <size>0x57e</size>
         <input_file_ref idref="fl-8"/>
      </object_component>
      <object_component id="oc-a0">
         <name>.debug_info</name>
         <load_address>0x4df7</load_address>
         <run_address>0x4df7</run_address>
         <size>0x2fd</size>
         <input_file_ref idref="fl-8"/>
      </object_component>
      <object_component id="oc-2f">
         <name>.debug_info</name>
         <load_address>0x50f4</load_address>
         <run_address>0x50f4</run_address>
         <size>0x2a3</size>
         <input_file_ref idref="fl-9"/>
      </object_component>
      <object_component id="oc-10">
         <name>.debug_info</name>
         <load_address>0x5397</load_address>
         <run_address>0x5397</run_address>
         <size>0xe2</size>
         <input_file_ref idref="fl-9"/>
      </object_component>
      <object_component id="oc-28">
         <name>.debug_info</name>
         <load_address>0x5479</load_address>
         <run_address>0x5479</run_address>
         <size>0x25e</size>
         <input_file_ref idref="fl-9"/>
      </object_component>
      <object_component id="oc-157">
         <name>.debug_info</name>
         <load_address>0x56d7</load_address>
         <run_address>0x56d7</run_address>
         <size>0x32f</size>
         <input_file_ref idref="fl-e"/>
      </object_component>
      <object_component id="oc-177">
         <name>.debug_info</name>
         <load_address>0x5a06</load_address>
         <run_address>0x5a06</run_address>
         <size>0x353</size>
         <input_file_ref idref="fl-17"/>
      </object_component>
      <object_component id="oc-16e">
         <name>.debug_info</name>
         <load_address>0x5d59</load_address>
         <run_address>0x5d59</run_address>
         <size>0xf3</size>
         <input_file_ref idref="fl-17"/>
      </object_component>
      <object_component id="oc-171">
         <name>.debug_info</name>
         <load_address>0x5e4c</load_address>
         <run_address>0x5e4c</run_address>
         <size>0xf5</size>
         <input_file_ref idref="fl-17"/>
      </object_component>
      <object_component id="oc-174">
         <name>.debug_info</name>
         <load_address>0x5f41</load_address>
         <run_address>0x5f41</run_address>
         <size>0xe7</size>
         <input_file_ref idref="fl-17"/>
      </object_component>
      <object_component id="oc-da">
         <name>.debug_info</name>
         <load_address>0x6028</load_address>
         <run_address>0x6028</run_address>
         <size>0x31dc</size>
         <input_file_ref idref="fl-17"/>
      </object_component>
      <object_component id="oc-1ec">
         <name>.debug_info</name>
         <load_address>0x9204</load_address>
         <run_address>0x9204</run_address>
         <size>0x330</size>
         <input_file_ref idref="fl-1a"/>
      </object_component>
      <object_component id="oc-1da">
         <name>.debug_info</name>
         <load_address>0x9534</load_address>
         <run_address>0x9534</run_address>
         <size>0xe2</size>
         <input_file_ref idref="fl-1a"/>
      </object_component>
      <object_component id="oc-1dd">
         <name>.debug_info</name>
         <load_address>0x9616</load_address>
         <run_address>0x9616</run_address>
         <size>0xda</size>
         <input_file_ref idref="fl-1a"/>
      </object_component>
      <object_component id="oc-1e0">
         <name>.debug_info</name>
         <load_address>0x96f0</load_address>
         <run_address>0x96f0</run_address>
         <size>0xde</size>
         <input_file_ref idref="fl-1a"/>
      </object_component>
      <object_component id="oc-1e3">
         <name>.debug_info</name>
         <load_address>0x97ce</load_address>
         <run_address>0x97ce</run_address>
         <size>0xe4</size>
         <input_file_ref idref="fl-1a"/>
      </object_component>
      <object_component id="oc-1e6">
         <name>.debug_info</name>
         <load_address>0x98b2</load_address>
         <run_address>0x98b2</run_address>
         <size>0xe2</size>
         <input_file_ref idref="fl-1a"/>
      </object_component>
      <object_component id="oc-1e9">
         <name>.debug_info</name>
         <load_address>0x9994</load_address>
         <run_address>0x9994</run_address>
         <size>0xe6</size>
         <input_file_ref idref="fl-1a"/>
      </object_component>
      <object_component id="oc-1d7">
         <name>.debug_info</name>
         <load_address>0x9a7a</load_address>
         <run_address>0x9a7a</run_address>
         <size>0xe3</size>
         <input_file_ref idref="fl-1a"/>
      </object_component>
      <object_component id="oc-151">
         <name>.debug_info</name>
         <load_address>0x9b5d</load_address>
         <run_address>0x9b5d</run_address>
         <size>0xce3</size>
         <input_file_ref idref="fl-1a"/>
      </object_component>
      <object_component id="oc-179">
         <name>.debug_info</name>
         <load_address>0xa840</load_address>
         <run_address>0xa840</run_address>
         <size>0x305</size>
         <input_file_ref idref="fl-1e"/>
      </object_component>
      <object_component id="oc-e0">
         <name>.debug_info</name>
         <load_address>0xab45</load_address>
         <run_address>0xab45</run_address>
         <size>0x2774</size>
         <input_file_ref idref="fl-1e"/>
      </object_component>
      <object_component id="oc-213">
         <name>.debug_info</name>
         <load_address>0xd2b9</load_address>
         <run_address>0xd2b9</run_address>
         <size>0x334</size>
         <input_file_ref idref="fl-21"/>
      </object_component>
      <object_component id="oc-20d">
         <name>.debug_info</name>
         <load_address>0xd5ed</load_address>
         <run_address>0xd5ed</run_address>
         <size>0xe0</size>
         <input_file_ref idref="fl-21"/>
      </object_component>
      <object_component id="oc-210">
         <name>.debug_info</name>
         <load_address>0xd6cd</load_address>
         <run_address>0xd6cd</run_address>
         <size>0xf2</size>
         <input_file_ref idref="fl-21"/>
      </object_component>
      <object_component id="oc-182">
         <name>.debug_info</name>
         <load_address>0xd7bf</load_address>
         <run_address>0xd7bf</run_address>
         <size>0x165b</size>
         <input_file_ref idref="fl-21"/>
      </object_component>
      <object_component id="oc-16c">
         <name>.debug_info</name>
         <load_address>0xee1a</load_address>
         <run_address>0xee1a</run_address>
         <size>0x3b5</size>
         <input_file_ref idref="fl-23"/>
      </object_component>
      <object_component id="oc-15d">
         <name>.debug_info</name>
         <load_address>0xf1cf</load_address>
         <run_address>0xf1cf</run_address>
         <size>0xd9</size>
         <input_file_ref idref="fl-23"/>
      </object_component>
      <object_component id="oc-163">
         <name>.debug_info</name>
         <load_address>0xf2a8</load_address>
         <run_address>0xf2a8</run_address>
         <size>0xe5</size>
         <input_file_ref idref="fl-23"/>
      </object_component>
      <object_component id="oc-14e">
         <name>.debug_info</name>
         <load_address>0xf38d</load_address>
         <run_address>0xf38d</run_address>
         <size>0xdf</size>
         <input_file_ref idref="fl-23"/>
      </object_component>
      <object_component id="oc-160">
         <name>.debug_info</name>
         <load_address>0xf46c</load_address>
         <run_address>0xf46c</run_address>
         <size>0xec</size>
         <input_file_ref idref="fl-23"/>
      </object_component>
      <object_component id="oc-d4">
         <name>.debug_info</name>
         <load_address>0xf558</load_address>
         <run_address>0xf558</run_address>
         <size>0x2b29</size>
         <input_file_ref idref="fl-23"/>
      </object_component>
      <object_component id="oc-1f6">
         <name>.debug_info</name>
         <load_address>0x12081</load_address>
         <run_address>0x12081</run_address>
         <size>0x51</size>
         <input_file_ref idref="fl-23"/>
      </object_component>
      <object_component id="oc-20b">
         <name>.debug_info</name>
         <load_address>0x120d2</load_address>
         <run_address>0x120d2</run_address>
         <size>0x340</size>
         <input_file_ref idref="fl-26"/>
      </object_component>
      <object_component id="oc-205">
         <name>.debug_info</name>
         <load_address>0x12412</load_address>
         <run_address>0x12412</run_address>
         <size>0xe6</size>
         <input_file_ref idref="fl-26"/>
      </object_component>
      <object_component id="oc-208">
         <name>.debug_info</name>
         <load_address>0x124f8</load_address>
         <run_address>0x124f8</run_address>
         <size>0xf8</size>
         <input_file_ref idref="fl-26"/>
      </object_component>
      <object_component id="oc-17b">
         <name>.debug_info</name>
         <load_address>0x125f0</load_address>
         <run_address>0x125f0</run_address>
         <size>0x246e</size>
         <input_file_ref idref="fl-26"/>
      </object_component>
      <object_component id="oc-3c">
         <name>.debug_info</name>
         <load_address>0x14a5e</load_address>
         <run_address>0x14a5e</run_address>
         <size>0x111</size>
         <input_file_ref idref="fl-e9"/>
      </object_component>
      <object_component id="oc-95">
         <name>.debug_info</name>
         <load_address>0x14b6f</load_address>
         <run_address>0x14b6f</run_address>
         <size>0x13f</size>
         <input_file_ref idref="fl-ea"/>
      </object_component>
      <object_component id="oc-92">
         <name>.debug_info</name>
         <load_address>0x14cae</load_address>
         <run_address>0x14cae</run_address>
         <size>0x313</size>
         <input_file_ref idref="fl-eb"/>
      </object_component>
      <object_component id="oc-48">
         <name>.debug_info</name>
         <load_address>0x14fc1</load_address>
         <run_address>0x14fc1</run_address>
         <size>0x1b4</size>
         <input_file_ref idref="fl-eb"/>
      </object_component>
      <object_component id="oc-8d">
         <name>.debug_info</name>
         <load_address>0x15175</load_address>
         <run_address>0x15175</run_address>
         <size>0x46</size>
         <input_file_ref idref="fl-eb"/>
      </object_component>
      <object_component id="oc-46">
         <name>.debug_info</name>
         <load_address>0x151bb</load_address>
         <run_address>0x151bb</run_address>
         <size>0x29d</size>
         <input_file_ref idref="fl-ec"/>
      </object_component>
      <object_component id="oc-19">
         <name>.debug_info</name>
         <load_address>0x15458</load_address>
         <run_address>0x15458</run_address>
         <size>0x1df</size>
         <input_file_ref idref="fl-ec"/>
      </object_component>
      <object_component id="oc-41">
         <name>.debug_info</name>
         <load_address>0x15637</load_address>
         <run_address>0x15637</run_address>
         <size>0x46</size>
         <input_file_ref idref="fl-ec"/>
      </object_component>
      <object_component id="oc-85">
         <name>.debug_info</name>
         <load_address>0x1567d</load_address>
         <run_address>0x1567d</run_address>
         <size>0x2c</size>
         <input_file_ref idref="fl-ec"/>
      </object_component>
      <object_component id="oc-83">
         <name>.debug_info</name>
         <load_address>0x156a9</load_address>
         <run_address>0x156a9</run_address>
         <size>0x293</size>
         <input_file_ref idref="fl-ed"/>
      </object_component>
      <object_component id="oc-13">
         <name>.debug_info</name>
         <load_address>0x1593c</load_address>
         <run_address>0x1593c</run_address>
         <size>0x245</size>
         <input_file_ref idref="fl-ed"/>
      </object_component>
      <object_component id="oc-31">
         <name>.debug_info</name>
         <load_address>0x15b81</load_address>
         <run_address>0x15b81</run_address>
         <size>0x60</size>
         <input_file_ref idref="fl-ed"/>
      </object_component>
      <object_component id="oc-c3">
         <name>.debug_info</name>
         <load_address>0x15be1</load_address>
         <run_address>0x15be1</run_address>
         <size>0x46</size>
         <input_file_ref idref="fl-ed"/>
      </object_component>
      <object_component id="oc-7e">
         <name>.debug_info</name>
         <load_address>0x15c27</load_address>
         <run_address>0x15c27</run_address>
         <size>0x39</size>
         <input_file_ref idref="fl-ed"/>
      </object_component>
      <object_component id="oc-22">
         <name>.debug_info</name>
         <load_address>0x15c60</load_address>
         <run_address>0x15c60</run_address>
         <size>0x100</size>
         <input_file_ref idref="fl-ee"/>
      </object_component>
      <object_component id="oc-5a">
         <name>.debug_info</name>
         <load_address>0x15d60</load_address>
         <run_address>0x15d60</run_address>
         <size>0x1a4</size>
         <input_file_ref idref="fl-ee"/>
      </object_component>
      <object_component id="oc-ff">
         <name>.debug_info</name>
         <load_address>0x15f04</load_address>
         <run_address>0x15f04</run_address>
         <size>0x117</size>
         <input_file_ref idref="fl-ef"/>
      </object_component>
      <object_component id="oc-6f">
         <name>.debug_info</name>
         <load_address>0x1601b</load_address>
         <run_address>0x1601b</run_address>
         <size>0x3bb</size>
         <input_file_ref idref="fl-f0"/>
      </object_component>
      <object_component id="oc-25">
         <name>.debug_info</name>
         <load_address>0x163d6</load_address>
         <run_address>0x163d6</run_address>
         <size>0x101</size>
         <input_file_ref idref="fl-f0"/>
      </object_component>
      <object_component id="oc-22b">
         <name>.debug_info</name>
         <load_address>0x164d7</load_address>
         <run_address>0x164d7</run_address>
         <size>0x14c</size>
         <input_file_ref idref="fl-f0"/>
      </object_component>
      <object_component id="oc-219">
         <name>.debug_info</name>
         <load_address>0x16623</load_address>
         <run_address>0x16623</run_address>
         <size>0x139</size>
         <input_file_ref idref="fl-f0"/>
      </object_component>
      <object_component id="oc-21f">
         <name>.debug_info</name>
         <load_address>0x1675c</load_address>
         <run_address>0x1675c</run_address>
         <size>0x174</size>
         <input_file_ref idref="fl-f0"/>
      </object_component>
      <object_component id="oc-225">
         <name>.debug_info</name>
         <load_address>0x168d0</load_address>
         <run_address>0x168d0</run_address>
         <size>0x172</size>
         <input_file_ref idref="fl-f0"/>
      </object_component>
      <object_component id="oc-196">
         <name>.debug_info</name>
         <load_address>0x16a42</load_address>
         <run_address>0x16a42</run_address>
         <size>0x1db</size>
         <input_file_ref idref="fl-f0"/>
      </object_component>
      <object_component id="oc-22f">
         <name>.debug_info</name>
         <load_address>0x16c1d</load_address>
         <run_address>0x16c1d</run_address>
         <size>0x1e6</size>
         <input_file_ref idref="fl-f0"/>
      </object_component>
      <object_component id="oc-b3">
         <name>.debug_info</name>
         <load_address>0x16e03</load_address>
         <run_address>0x16e03</run_address>
         <size>0x2c</size>
         <input_file_ref idref="fl-f0"/>
      </object_component>
      <object_component id="oc-b8">
         <name>.debug_info</name>
         <load_address>0x16e2f</load_address>
         <run_address>0x16e2f</run_address>
         <size>0x62</size>
         <input_file_ref idref="fl-f0"/>
      </object_component>
      <object_component id="oc-248">
         <name>.debug_info</name>
         <load_address>0x16e91</load_address>
         <run_address>0x16e91</run_address>
         <size>0x2be</size>
         <input_file_ref idref="fl-f1"/>
      </object_component>
      <object_component id="oc-1b9">
         <name>.debug_info</name>
         <load_address>0x1714f</load_address>
         <run_address>0x1714f</run_address>
         <size>0x113</size>
         <input_file_ref idref="fl-f1"/>
      </object_component>
      <object_component id="oc-241">
         <name>.debug_info</name>
         <load_address>0x17262</load_address>
         <run_address>0x17262</run_address>
         <size>0x123</size>
         <input_file_ref idref="fl-f1"/>
      </object_component>
      <object_component id="oc-217">
         <name>.debug_info</name>
         <load_address>0x17385</load_address>
         <run_address>0x17385</run_address>
         <size>0x27f</size>
         <input_file_ref idref="fl-f4"/>
      </object_component>
      <object_component id="oc-190">
         <name>.debug_info</name>
         <load_address>0x17604</load_address>
         <run_address>0x17604</run_address>
         <size>0x258</size>
         <input_file_ref idref="fl-f4"/>
      </object_component>
      <object_component id="oc-23d">
         <name>.debug_info</name>
         <load_address>0x1785c</load_address>
         <run_address>0x1785c</run_address>
         <size>0x285</size>
         <input_file_ref idref="fl-f5"/>
      </object_component>
      <object_component id="oc-1ab">
         <name>.debug_info</name>
         <load_address>0x17ae1</load_address>
         <run_address>0x17ae1</run_address>
         <size>0x289</size>
         <input_file_ref idref="fl-f5"/>
      </object_component>
      <object_component id="oc-1bf">
         <name>.debug_info</name>
         <load_address>0x17d6a</load_address>
         <run_address>0x17d6a</run_address>
         <size>0x547</size>
         <input_file_ref idref="fl-f7"/>
      </object_component>
      <object_component id="oc-10b">
         <name>.debug_info</name>
         <load_address>0x182b1</load_address>
         <run_address>0x182b1</run_address>
         <size>0x19b</size>
         <input_file_ref idref="fl-f7"/>
      </object_component>
      <object_component id="oc-24e">
         <name>.debug_info</name>
         <load_address>0x1844c</load_address>
         <run_address>0x1844c</run_address>
         <size>0x39</size>
         <input_file_ref idref="fl-f7"/>
      </object_component>
      <object_component id="oc-299">
         <name>.debug_info</name>
         <load_address>0x18485</load_address>
         <run_address>0x18485</run_address>
         <size>0x39</size>
         <input_file_ref idref="fl-f7"/>
      </object_component>
      <object_component id="oc-253">
         <name>.debug_info</name>
         <load_address>0x184be</load_address>
         <run_address>0x184be</run_address>
         <size>0x39</size>
         <input_file_ref idref="fl-f7"/>
      </object_component>
      <object_component id="oc-258">
         <name>.debug_info</name>
         <load_address>0x184f7</load_address>
         <run_address>0x184f7</run_address>
         <size>0xcd</size>
         <input_file_ref idref="fl-f7"/>
      </object_component>
      <object_component id="oc-9a">
         <name>.debug_info</name>
         <load_address>0x185c4</load_address>
         <run_address>0x185c4</run_address>
         <size>0x148</size>
         <input_file_ref idref="fl-f8"/>
      </object_component>
      <object_component id="oc-2d3">
         <name>.debug_info</name>
         <load_address>0x1870c</load_address>
         <run_address>0x1870c</run_address>
         <size>0x98</size>
      </object_component>
      <object_component id="oc-13d">
         <name>.debug_line</name>
         <load_address>0x0</load_address>
         <run_address>0x0</run_address>
         <size>0xde</size>
         <input_file_ref idref="fl-2"/>
      </object_component>
      <object_component id="oc-239">
         <name>.debug_line</name>
         <load_address>0xde</load_address>
         <run_address>0xde</run_address>
         <size>0x2e</size>
         <input_file_ref idref="fl-2"/>
      </object_component>
      <object_component id="oc-237">
         <name>.debug_line</name>
         <load_address>0x10c</load_address>
         <run_address>0x10c</run_address>
         <size>0x2e</size>
         <input_file_ref idref="fl-2"/>
      </object_component>
      <object_component id="oc-23b">
         <name>.debug_line</name>
         <load_address>0x13a</load_address>
         <run_address>0x13a</run_address>
         <size>0x2e</size>
         <input_file_ref idref="fl-2"/>
      </object_component>
      <object_component id="oc-f5">
         <name>.debug_line</name>
         <load_address>0x168</load_address>
         <run_address>0x168</run_address>
         <size>0x298</size>
         <input_file_ref idref="fl-2"/>
      </object_component>
      <object_component id="oc-146">
         <name>.debug_line</name>
         <load_address>0x400</load_address>
         <run_address>0x400</run_address>
         <size>0x2e</size>
         <input_file_ref idref="fl-2"/>
      </object_component>
      <object_component id="oc-141">
         <name>.debug_line</name>
         <load_address>0x42e</load_address>
         <run_address>0x42e</run_address>
         <size>0x2e</size>
         <input_file_ref idref="fl-2"/>
      </object_component>
      <object_component id="oc-77">
         <name>.debug_line</name>
         <load_address>0x45c</load_address>
         <run_address>0x45c</run_address>
         <size>0x71</size>
         <input_file_ref idref="fl-2"/>
      </object_component>
      <object_component id="oc-39">
         <name>.debug_line</name>
         <load_address>0x4cd</load_address>
         <run_address>0x4cd</run_address>
         <size>0x20</size>
         <input_file_ref idref="fl-2"/>
      </object_component>
      <object_component id="oc-c0">
         <name>.debug_line</name>
         <load_address>0x4ed</load_address>
         <run_address>0x4ed</run_address>
         <size>0x75</size>
         <input_file_ref idref="fl-2"/>
      </object_component>
      <object_component id="oc-16a">
         <name>.debug_line</name>
         <load_address>0x562</load_address>
         <run_address>0x562</run_address>
         <size>0x71</size>
         <input_file_ref idref="fl-2"/>
      </object_component>
      <object_component id="oc-7c">
         <name>.debug_line</name>
         <load_address>0x5d3</load_address>
         <run_address>0x5d3</run_address>
         <size>0x72</size>
         <input_file_ref idref="fl-2"/>
      </object_component>
      <object_component id="oc-cd">
         <name>.debug_line</name>
         <load_address>0x645</load_address>
         <run_address>0x645</run_address>
         <size>0x6d</size>
         <input_file_ref idref="fl-2"/>
      </object_component>
      <object_component id="oc-14b">
         <name>.debug_line</name>
         <load_address>0x6b2</load_address>
         <run_address>0x6b2</run_address>
         <size>0x34</size>
         <input_file_ref idref="fl-2"/>
      </object_component>
      <object_component id="oc-284">
         <name>.debug_line</name>
         <load_address>0x6e6</load_address>
         <run_address>0x6e6</run_address>
         <size>0x6d</size>
         <input_file_ref idref="fl-3"/>
      </object_component>
      <object_component id="oc-19f">
         <name>.debug_line</name>
         <load_address>0x753</load_address>
         <run_address>0x753</run_address>
         <size>0x159</size>
         <input_file_ref idref="fl-3"/>
      </object_component>
      <object_component id="oc-292">
         <name>.debug_line</name>
         <load_address>0x8ac</load_address>
         <run_address>0x8ac</run_address>
         <size>0x6d</size>
         <input_file_ref idref="fl-3"/>
      </object_component>
      <object_component id="oc-28d">
         <name>.debug_line</name>
         <load_address>0x919</load_address>
         <run_address>0x919</run_address>
         <size>0x34</size>
         <input_file_ref idref="fl-3"/>
      </object_component>
      <object_component id="oc-288">
         <name>.debug_line</name>
         <load_address>0x94d</load_address>
         <run_address>0x94d</run_address>
         <size>0x34</size>
         <input_file_ref idref="fl-3"/>
      </object_component>
      <object_component id="oc-215">
         <name>.debug_line</name>
         <load_address>0x981</load_address>
         <run_address>0x981</run_address>
         <size>0xbd</size>
         <input_file_ref idref="fl-6"/>
      </object_component>
      <object_component id="oc-ef">
         <name>.debug_line</name>
         <load_address>0xa3e</load_address>
         <run_address>0xa3e</run_address>
         <size>0x2fa</size>
         <input_file_ref idref="fl-6"/>
      </object_component>
      <object_component id="oc-18d">
         <name>.debug_line</name>
         <load_address>0xd38</load_address>
         <run_address>0xd38</run_address>
         <size>0x30</size>
         <input_file_ref idref="fl-6"/>
      </object_component>
      <object_component id="oc-fb">
         <name>.debug_line</name>
         <load_address>0xd68</load_address>
         <run_address>0xd68</run_address>
         <size>0x20</size>
         <input_file_ref idref="fl-6"/>
      </object_component>
      <object_component id="oc-e9">
         <name>.debug_line</name>
         <load_address>0xd88</load_address>
         <run_address>0xd88</run_address>
         <size>0xa7</size>
         <input_file_ref idref="fl-7"/>
      </object_component>
      <object_component id="oc-1b3">
         <name>.debug_line</name>
         <load_address>0xe2f</load_address>
         <run_address>0xe2f</run_address>
         <size>0x91</size>
         <input_file_ref idref="fl-8"/>
      </object_component>
      <object_component id="oc-a3">
         <name>.debug_line</name>
         <load_address>0xec0</load_address>
         <run_address>0xec0</run_address>
         <size>0x63</size>
         <input_file_ref idref="fl-8"/>
      </object_component>
      <object_component id="oc-73">
         <name>.debug_line</name>
         <load_address>0xf23</load_address>
         <run_address>0xf23</run_address>
         <size>0x41</size>
         <input_file_ref idref="fl-9"/>
      </object_component>
      <object_component id="oc-2e">
         <name>.debug_line</name>
         <load_address>0xf64</load_address>
         <run_address>0xf64</run_address>
         <size>0x41</size>
         <input_file_ref idref="fl-9"/>
      </object_component>
      <object_component id="oc-2b">
         <name>.debug_line</name>
         <load_address>0xfa5</load_address>
         <run_address>0xfa5</run_address>
         <size>0xa1</size>
         <input_file_ref idref="fl-9"/>
      </object_component>
      <object_component id="oc-15a">
         <name>.debug_line</name>
         <load_address>0x1046</load_address>
         <run_address>0x1046</run_address>
         <size>0xd9</size>
         <input_file_ref idref="fl-e"/>
      </object_component>
      <object_component id="oc-201">
         <name>.debug_line</name>
         <load_address>0x111f</load_address>
         <run_address>0x111f</run_address>
         <size>0x5b</size>
         <input_file_ref idref="fl-17"/>
      </object_component>
      <object_component id="oc-1fb">
         <name>.debug_line</name>
         <load_address>0x117a</load_address>
         <run_address>0x117a</run_address>
         <size>0x37</size>
         <input_file_ref idref="fl-17"/>
      </object_component>
      <object_component id="oc-1fd">
         <name>.debug_line</name>
         <load_address>0x11b1</load_address>
         <run_address>0x11b1</run_address>
         <size>0x37</size>
         <input_file_ref idref="fl-17"/>
      </object_component>
      <object_component id="oc-1ff">
         <name>.debug_line</name>
         <load_address>0x11e8</load_address>
         <run_address>0x11e8</run_address>
         <size>0x37</size>
         <input_file_ref idref="fl-17"/>
      </object_component>
      <object_component id="oc-dd">
         <name>.debug_line</name>
         <load_address>0x121f</load_address>
         <run_address>0x121f</run_address>
         <size>0x65d</size>
         <input_file_ref idref="fl-17"/>
      </object_component>
      <object_component id="oc-26e">
         <name>.debug_line</name>
         <load_address>0x187c</load_address>
         <run_address>0x187c</run_address>
         <size>0x55</size>
         <input_file_ref idref="fl-1a"/>
      </object_component>
      <object_component id="oc-262">
         <name>.debug_line</name>
         <load_address>0x18d1</load_address>
         <run_address>0x18d1</run_address>
         <size>0x3c</size>
         <input_file_ref idref="fl-1a"/>
      </object_component>
      <object_component id="oc-264">
         <name>.debug_line</name>
         <load_address>0x190d</load_address>
         <run_address>0x190d</run_address>
         <size>0x3c</size>
         <input_file_ref idref="fl-1a"/>
      </object_component>
      <object_component id="oc-266">
         <name>.debug_line</name>
         <load_address>0x1949</load_address>
         <run_address>0x1949</run_address>
         <size>0x3c</size>
         <input_file_ref idref="fl-1a"/>
      </object_component>
      <object_component id="oc-268">
         <name>.debug_line</name>
         <load_address>0x1985</load_address>
         <run_address>0x1985</run_address>
         <size>0x3c</size>
         <input_file_ref idref="fl-1a"/>
      </object_component>
      <object_component id="oc-26a">
         <name>.debug_line</name>
         <load_address>0x19c1</load_address>
         <run_address>0x19c1</run_address>
         <size>0x3c</size>
         <input_file_ref idref="fl-1a"/>
      </object_component>
      <object_component id="oc-26c">
         <name>.debug_line</name>
         <load_address>0x19fd</load_address>
         <run_address>0x19fd</run_address>
         <size>0x3c</size>
         <input_file_ref idref="fl-1a"/>
      </object_component>
      <object_component id="oc-260">
         <name>.debug_line</name>
         <load_address>0x1a39</load_address>
         <run_address>0x1a39</run_address>
         <size>0x3c</size>
         <input_file_ref idref="fl-1a"/>
      </object_component>
      <object_component id="oc-154">
         <name>.debug_line</name>
         <load_address>0x1a75</load_address>
         <run_address>0x1a75</run_address>
         <size>0x2ed</size>
         <input_file_ref idref="fl-1a"/>
      </object_component>
      <object_component id="oc-203">
         <name>.debug_line</name>
         <load_address>0x1d62</load_address>
         <run_address>0x1d62</run_address>
         <size>0x5b</size>
         <input_file_ref idref="fl-1e"/>
      </object_component>
      <object_component id="oc-e3">
         <name>.debug_line</name>
         <load_address>0x1dbd</load_address>
         <run_address>0x1dbd</run_address>
         <size>0x557</size>
         <input_file_ref idref="fl-1e"/>
      </object_component>
      <object_component id="oc-27a">
         <name>.debug_line</name>
         <load_address>0x2314</load_address>
         <run_address>0x2314</run_address>
         <size>0x5b</size>
         <input_file_ref idref="fl-21"/>
      </object_component>
      <object_component id="oc-276">
         <name>.debug_line</name>
         <load_address>0x236f</load_address>
         <run_address>0x236f</run_address>
         <size>0x36</size>
         <input_file_ref idref="fl-21"/>
      </object_component>
      <object_component id="oc-278">
         <name>.debug_line</name>
         <load_address>0x23a5</load_address>
         <run_address>0x23a5</run_address>
         <size>0x36</size>
         <input_file_ref idref="fl-21"/>
      </object_component>
      <object_component id="oc-185">
         <name>.debug_line</name>
         <load_address>0x23db</load_address>
         <run_address>0x23db</run_address>
         <size>0x34e</size>
         <input_file_ref idref="fl-21"/>
      </object_component>
      <object_component id="oc-1f5">
         <name>.debug_line</name>
         <load_address>0x2729</load_address>
         <run_address>0x2729</run_address>
         <size>0xc8</size>
         <input_file_ref idref="fl-23"/>
      </object_component>
      <object_component id="oc-1ef">
         <name>.debug_line</name>
         <load_address>0x27f1</load_address>
         <run_address>0x27f1</run_address>
         <size>0x39</size>
         <input_file_ref idref="fl-23"/>
      </object_component>
      <object_component id="oc-1f3">
         <name>.debug_line</name>
         <load_address>0x282a</load_address>
         <run_address>0x282a</run_address>
         <size>0x39</size>
         <input_file_ref idref="fl-23"/>
      </object_component>
      <object_component id="oc-1d5">
         <name>.debug_line</name>
         <load_address>0x2863</load_address>
         <run_address>0x2863</run_address>
         <size>0x39</size>
         <input_file_ref idref="fl-23"/>
      </object_component>
      <object_component id="oc-1f1">
         <name>.debug_line</name>
         <load_address>0x289c</load_address>
         <run_address>0x289c</run_address>
         <size>0x39</size>
         <input_file_ref idref="fl-23"/>
      </object_component>
      <object_component id="oc-d7">
         <name>.debug_line</name>
         <load_address>0x28d5</load_address>
         <run_address>0x28d5</run_address>
         <size>0x9b0</size>
         <input_file_ref idref="fl-23"/>
      </object_component>
      <object_component id="oc-1f8">
         <name>.debug_line</name>
         <load_address>0x3285</load_address>
         <run_address>0x3285</run_address>
         <size>0x39</size>
         <input_file_ref idref="fl-23"/>
      </object_component>
      <object_component id="oc-274">
         <name>.debug_line</name>
         <load_address>0x32be</load_address>
         <run_address>0x32be</run_address>
         <size>0x5b</size>
         <input_file_ref idref="fl-26"/>
      </object_component>
      <object_component id="oc-270">
         <name>.debug_line</name>
         <load_address>0x3319</load_address>
         <run_address>0x3319</run_address>
         <size>0x38</size>
         <input_file_ref idref="fl-26"/>
      </object_component>
      <object_component id="oc-272">
         <name>.debug_line</name>
         <load_address>0x3351</load_address>
         <run_address>0x3351</run_address>
         <size>0x38</size>
         <input_file_ref idref="fl-26"/>
      </object_component>
      <object_component id="oc-17e">
         <name>.debug_line</name>
         <load_address>0x3389</load_address>
         <run_address>0x3389</run_address>
         <size>0x529</size>
         <input_file_ref idref="fl-26"/>
      </object_component>
      <object_component id="oc-3f">
         <name>.debug_line</name>
         <load_address>0x38b2</load_address>
         <run_address>0x38b2</run_address>
         <size>0x88</size>
         <input_file_ref idref="fl-e9"/>
      </object_component>
      <object_component id="oc-97">
         <name>.debug_line</name>
         <load_address>0x393a</load_address>
         <run_address>0x393a</run_address>
         <size>0x79</size>
         <input_file_ref idref="fl-ea"/>
      </object_component>
      <object_component id="oc-d0">
         <name>.debug_line</name>
         <load_address>0x39b3</load_address>
         <run_address>0x39b3</run_address>
         <size>0x9e</size>
         <input_file_ref idref="fl-eb"/>
      </object_component>
      <object_component id="oc-4b">
         <name>.debug_line</name>
         <load_address>0x3a51</load_address>
         <run_address>0x3a51</run_address>
         <size>0x4f</size>
         <input_file_ref idref="fl-eb"/>
      </object_component>
      <object_component id="oc-90">
         <name>.debug_line</name>
         <load_address>0x3aa0</load_address>
         <run_address>0x3aa0</run_address>
         <size>0x34</size>
         <input_file_ref idref="fl-eb"/>
      </object_component>
      <object_component id="oc-8b">
         <name>.debug_line</name>
         <load_address>0x3ad4</load_address>
         <run_address>0x3ad4</run_address>
         <size>0x20</size>
         <input_file_ref idref="fl-ec"/>
      </object_component>
      <object_component id="oc-1c">
         <name>.debug_line</name>
         <load_address>0x3af4</load_address>
         <run_address>0x3af4</run_address>
         <size>0x55</size>
         <input_file_ref idref="fl-ec"/>
      </object_component>
      <object_component id="oc-44">
         <name>.debug_line</name>
         <load_address>0x3b49</load_address>
         <run_address>0x3b49</run_address>
         <size>0x3a</size>
         <input_file_ref idref="fl-ec"/>
      </object_component>
      <object_component id="oc-88">
         <name>.debug_line</name>
         <load_address>0x3b83</load_address>
         <run_address>0x3b83</run_address>
         <size>0x8a</size>
         <input_file_ref idref="fl-ec"/>
      </object_component>
      <object_component id="oc-c9">
         <name>.debug_line</name>
         <load_address>0x3c0d</load_address>
         <run_address>0x3c0d</run_address>
         <size>0x20</size>
         <input_file_ref idref="fl-ed"/>
      </object_component>
      <object_component id="oc-16">
         <name>.debug_line</name>
         <load_address>0x3c2d</load_address>
         <run_address>0x3c2d</run_address>
         <size>0xa9</size>
         <input_file_ref idref="fl-ed"/>
      </object_component>
      <object_component id="oc-34">
         <name>.debug_line</name>
         <load_address>0x3cd6</load_address>
         <run_address>0x3cd6</run_address>
         <size>0x3a</size>
         <input_file_ref idref="fl-ed"/>
      </object_component>
      <object_component id="oc-c6">
         <name>.debug_line</name>
         <load_address>0x3d10</load_address>
         <run_address>0x3d10</run_address>
         <size>0x92</size>
         <input_file_ref idref="fl-ed"/>
      </object_component>
      <object_component id="oc-81">
         <name>.debug_line</name>
         <load_address>0x3da2</load_address>
         <run_address>0x3da2</run_address>
         <size>0x8e</size>
         <input_file_ref idref="fl-ed"/>
      </object_component>
      <object_component id="oc-6c">
         <name>.debug_line</name>
         <load_address>0x3e30</load_address>
         <run_address>0x3e30</run_address>
         <size>0x33</size>
         <input_file_ref idref="fl-ee"/>
      </object_component>
      <object_component id="oc-5d">
         <name>.debug_line</name>
         <load_address>0x3e63</load_address>
         <run_address>0x3e63</run_address>
         <size>0x56</size>
         <input_file_ref idref="fl-ee"/>
      </object_component>
      <object_component id="oc-102">
         <name>.debug_line</name>
         <load_address>0x3eb9</load_address>
         <run_address>0x3eb9</run_address>
         <size>0x3c</size>
         <input_file_ref idref="fl-ef"/>
      </object_component>
      <object_component id="oc-b2">
         <name>.debug_line</name>
         <load_address>0x3ef5</load_address>
         <run_address>0x3ef5</run_address>
         <size>0x95</size>
         <input_file_ref idref="fl-f0"/>
      </object_component>
      <object_component id="oc-6e">
         <name>.debug_line</name>
         <load_address>0x3f8a</load_address>
         <run_address>0x3f8a</run_address>
         <size>0x2c</size>
         <input_file_ref idref="fl-f0"/>
      </object_component>
      <object_component id="oc-281">
         <name>.debug_line</name>
         <load_address>0x3fb6</load_address>
         <run_address>0x3fb6</run_address>
         <size>0x2c</size>
         <input_file_ref idref="fl-f0"/>
      </object_component>
      <object_component id="oc-21c">
         <name>.debug_line</name>
         <load_address>0x3fe2</load_address>
         <run_address>0x3fe2</run_address>
         <size>0x4b</size>
         <input_file_ref idref="fl-f0"/>
      </object_component>
      <object_component id="oc-222">
         <name>.debug_line</name>
         <load_address>0x402d</load_address>
         <run_address>0x402d</run_address>
         <size>0x5a</size>
         <input_file_ref idref="fl-f0"/>
      </object_component>
      <object_component id="oc-228">
         <name>.debug_line</name>
         <load_address>0x4087</load_address>
         <run_address>0x4087</run_address>
         <size>0x67</size>
         <input_file_ref idref="fl-f0"/>
      </object_component>
      <object_component id="oc-199">
         <name>.debug_line</name>
         <load_address>0x40ee</load_address>
         <run_address>0x40ee</run_address>
         <size>0x73</size>
         <input_file_ref idref="fl-f0"/>
      </object_component>
      <object_component id="oc-232">
         <name>.debug_line</name>
         <load_address>0x4161</load_address>
         <run_address>0x4161</run_address>
         <size>0xa0</size>
         <input_file_ref idref="fl-f0"/>
      </object_component>
      <object_component id="oc-b6">
         <name>.debug_line</name>
         <load_address>0x4201</load_address>
         <run_address>0x4201</run_address>
         <size>0x8a</size>
         <input_file_ref idref="fl-f0"/>
      </object_component>
      <object_component id="oc-bb">
         <name>.debug_line</name>
         <load_address>0x428b</load_address>
         <run_address>0x428b</run_address>
         <size>0x2c</size>
         <input_file_ref idref="fl-f0"/>
      </object_component>
      <object_component id="oc-298">
         <name>.debug_line</name>
         <load_address>0x42b7</load_address>
         <run_address>0x42b7</run_address>
         <size>0x20</size>
         <input_file_ref idref="fl-f1"/>
      </object_component>
      <object_component id="oc-247">
[...]
      </symbol>
      <symbol id="sm-59c">
         <name>SysCtlFlashSectorSizeGet</name>
         <value>0x363</value>
         <object_component_ref idref="oc-d3"/>
      </symbol>
      <symbol id="sm-59d">
         <name>SysCtlIntDisable</name>
         <value>0x731</value>
         <object_component_ref idref="oc-d3"/>
      </symbol>
      <symbol id="sm-59e">
         <name>SysCtlResetBehaviorGet</name>
         <value>0x881</value>
         <object_component_ref idref="oc-d3"/>
      </symbol>
      <symbol id="sm-59f">
         <name>SysCtlPeripheralPresent</name>
         <value>0x389</value>
         <object_component_ref idref="oc-d3"/>
      </symbol>
      <symbol id="sm-5a0">
         <name>SysCtlDeepSleepClockSet</name>
         <value>0xf3f</value>
         <object_component_ref idref="oc-d3"/>
      </symbol>
      <symbol id="sm-5a1">
         <name>SysCtlClockSet</name>
         <value>0xbc9</value>
         <object_component_ref idref="oc-d3"/>
      </symbol>
      <symbol id="sm-5a2">
         <name>SysCtlAltClkConfig</name>
         <value>0x11a9</value>
         <object_component_ref idref="oc-d3"/>
      </symbol>
      <symbol id="sm-5a3">
         <name>SysCtlPeripheralClockGating</name>
         <value>0x6a1</value>
         <object_component_ref idref="oc-d3"/>
      </symbol>
      <symbol id="sm-5a4">
         <name>SysCtlIntStatus</name>
         <value>0x759</value>
         <object_component_ref idref="oc-d3"/>
      </symbol>
      <symbol id="sm-5a5">
         <name>SysCtlIntClear</name>
         <value>0x749</value>
         <object_component_ref idref="oc-d3"/>
      </symbol>
      <symbol id="sm-5a6">
         <name>SysCtlVoltageEventStatus</name>
         <value>0x107d</value>
         <object_component_ref idref="oc-d3"/>
      </symbol>
      <symbol id="sm-5a7">
         <name>SysCtlVoltageEventConfig</name>
         <value>0x106d</value>
         <object_component_ref idref="oc-d3"/>
      </symbol>
      <symbol id="sm-5a8">
         <name>SysCtlResetCauseGet</name>
         <value>0x7f1</value>
         <object_component_ref idref="oc-d3"/>
      </symbol>
      <symbol id="sm-5a9">
         <name>SysCtlSleep</name>
         <value>0x7cd</value>
         <object_component_ref idref="oc-d3"/>
      </symbol>
      <symbol id="sm-5aa">
         <name>SysCtlPWMClockGet</name>
         <value>0x1001</value>
         <object_component_ref idref="oc-d3"/>
      </symbol>
      <symbol id="sm-5ab">
         <name>SysCtlDeepSleepPowerSet</name>
         <value>0x7b5</value>
         <object_component_ref idref="oc-d3"/>
      </symbol>
      <symbol id="sm-5ac">
         <name>SysCtlClockOutConfig</name>
         <value>0x118d</value>
         <object_component_ref idref="oc-d3"/>
      </symbol>
      <symbol id="sm-5ad">
         <name>SysCtlNMIStatus</name>
         <value>0x115d</value>
         <object_component_ref idref="oc-d3"/>
      </symbol>
      <symbol id="sm-5ae">
         <name>SysCtlDeepSleepClockConfigSet</name>
         <value>0xf5d</value>
         <object_component_ref idref="oc-d3"/>
      </symbol>
      <symbol id="sm-5af">
         <name>SysCtlDelay</name>
         <value>0x44f9</value>
         <object_component_ref idref="oc-165"/>
      </symbol>
      <symbol id="sm-5b0">
         <name>SysCtlVoltageEventClear</name>
         <value>0x1089</value>
         <object_component_ref idref="oc-d3"/>
      </symbol>
      <symbol id="sm-5b1">
         <name>SysCtlLDOSleepSet</name>
         <value>0x775</value>
         <object_component_ref idref="oc-d3"/>
      </symbol>
      <symbol id="sm-5b2">
         <name>SysCtlMOSCConfigSet</name>
         <value>0x80b</value>
         <object_component_ref idref="oc-d3"/>
      </symbol>
      <symbol id="sm-5b3">
         <name>SysCtlPeripheralEnable</name>
         <value>0x509</value>
         <object_component_ref idref="oc-d3"/>
      </symbol>
      <symbol id="sm-5b4">
         <name>SysCtlIntEnable</name>
         <value>0x71d</value>
         <object_component_ref idref="oc-d3"/>
      </symbol>
      <symbol id="sm-5b5">
         <name>SysCtlNMIClear</name>
         <value>0x1171</value>
         <object_component_ref idref="oc-d3"/>
      </symbol>
      <symbol id="sm-5b6">
         <name>SysCtlPeripheralPowerOff</name>
         <value>0x445</value>
         <object_component_ref idref="oc-d3"/>
      </symbol>
      <symbol id="sm-5b7">
         <name>SysCtlSleepPowerSet</name>
         <value>0x7a1</value>
         <object_component_ref idref="oc-d3"/>
      </symbol>
      <symbol id="sm-5b8">
         <name>SysCtlDeepSleep</name>
         <value>0x7d5</value>
         <object_component_ref idref="oc-d3"/>
      </symbol>
      <symbol id="sm-5b9">
         <name>SysCtlLDODeepSleepSet</name>
         <value>0x78b</value>
         <object_component_ref idref="oc-d3"/>
      </symbol>
      <symbol id="sm-5ba">
         <name>SysCtlPeripheralPowerOn</name>
         <value>0x409</value>
         <object_component_ref idref="oc-d3"/>
      </symbol>
      <symbol id="sm-5bb">
         <name>SysCtlPeripheralDeepSleepDisable</name>
         <value>0x659</value>
         <object_component_ref idref="oc-d3"/>
      </symbol>
      <symbol id="sm-5bc">
         <name>SysCtlPeripheralSleepDisable</name>
         <value>0x5cd</value>
         <object_component_ref idref="oc-d3"/>
      </symbol>
      <symbol id="sm-5bd">
         <name>SysCtlVCOGet</name>
         <value>0x10a1</value>
         <object_component_ref idref="oc-d3"/>
      </symbol>
      <symbol id="sm-5be">
         <name>SysCtlResetBehaviorSet</name>
         <value>0x871</value>
         <object_component_ref idref="oc-d3"/>
      </symbol>
      <symbol id="sm-5bf">
         <name>SysCtlReset</name>
         <value>0x7c5</value>
         <object_component_ref idref="oc-d3"/>
      </symbol>
      <symbol id="sm-5c0">
         <name>SysCtlGPIOAHBDisable</name>
         <value>0x1033</value>
         <object_component_ref idref="oc-d3"/>
      </symbol>
      <symbol id="sm-5c1">
         <name>SysCtlSRAMSizeGet</name>
         <value>0x32d</value>
         <object_component_ref idref="oc-d3"/>
      </symbol>
      <symbol id="sm-5c2">
         <name>SysCtlClockGet</name>
         <value>0xd99</value>
         <object_component_ref idref="oc-d3"/>
      </symbol>
      <symbol id="sm-5c3">
         <name>SysCtlPeripheralDisable</name>
         <value>0x545</value>
         <object_component_ref idref="oc-d3"/>
      </symbol>
      <symbol id="sm-5c4">
         <name>SysCtlPWMClockSet</name>
         <value>0xfe7</value>
         <object_component_ref idref="oc-d3"/>
      </symbol>
      <symbol id="sm-5c5">
         <name>SysCtlUSBPLLEnable</name>
         <value>0x104f</value>
         <object_component_ref idref="oc-d3"/>
      </symbol>
      <symbol id="sm-5c6">
         <name>SysCtlPeripheralSleepEnable</name>
         <value>0x589</value>
         <object_component_ref idref="oc-d3"/>
      </symbol>
      <symbol id="sm-5c7">
         <name>SysCtlIntUnregister</name>
         <value>0x70d</value>
         <object_component_ref idref="oc-d3"/>
      </symbol>
      <symbol id="sm-5c8">
         <name>SysCtlUSBPLLDisable</name>
         <value>0x105b</value>
         <object_component_ref idref="oc-d3"/>
      </symbol>
      <symbol id="sm-5c9">
         <name>SysCtlPeripheralReady</name>
         <value>0x3c9</value>
         <object_component_ref idref="oc-d3"/>
      </symbol>
      <symbol id="sm-5ca">
         <name>SysCtlPIOSCCalibrate</name>
         <value>0x821</value>
         <object_component_ref idref="oc-d3"/>
      </symbol>
      <symbol id="sm-5cb">
         <name>SysCtlResetCauseClear</name>
         <value>0x7f7</value>
         <object_component_ref idref="oc-d3"/>
      </symbol>
      <symbol id="sm-5cc">
         <name>SysCtlLDOSleepGet</name>
         <value>0x785</value>
         <object_component_ref idref="oc-d3"/>
      </symbol>
      <symbol id="sm-5cd">
         <name>SysCtlClockFreqSet</name>
         <value>0x8d1</value>
         <object_component_ref idref="oc-d3"/>
      </symbol>
      <symbol id="sm-5ce">
         <name>SysCtlPeripheralReset</name>
         <value>0x481</value>
         <object_component_ref idref="oc-d3"/>
      </symbol>
      <symbol id="sm-648">
         <name>TimerMatchSet</name>
         <value>0x297d</value>
         <object_component_ref idref="oc-17a"/>
      </symbol>
      <symbol id="sm-649">
         <name>TimerLoadSet</name>
         <value>0x289d</value>
         <object_component_ref idref="oc-17a"/>
      </symbol>
      <symbol id="sm-64a">
         <name>TimerDMAEventSet</name>
         <value>0x2ae7</value>
         <object_component_ref idref="oc-17a"/>
      </symbol>
      <symbol id="sm-64b">
         <name>TimerADCEventSet</name>
         <value>0x2ac7</value>
         <object_component_ref idref="oc-17a"/>
      </symbol>
      <symbol id="sm-64c">
         <name>TimerPrescaleMatchGet</name>
         <value>0x2881</value>
         <object_component_ref idref="oc-17a"/>
      </symbol>
      <symbol id="sm-64d">
         <name>TimerPrescaleGet</name>
         <value>0x2837</value>
         <object_component_ref idref="oc-17a"/>
      </symbol>
      <symbol id="sm-64e">
         <name>TimerControlLevel</name>
         <value>0x2643</value>
         <object_component_ref idref="oc-17a"/>
      </symbol>
      <symbol id="sm-64f">
         <name>TimerDisable</name>
         <value>0x25a9</value>
         <object_component_ref idref="oc-17a"/>
      </symbol>
      <symbol id="sm-650">
         <name>TimerUpdateMode</name>
         <value>0x2b07</value>
         <object_component_ref idref="oc-17a"/>
      </symbol>
      <symbol id="sm-651">
         <name>TimerIntRegister</name>
         <value>0x2a0f</value>
         <object_component_ref idref="oc-17a"/>
      </symbol>
      <symbol id="sm-652">
         <name>TimerMatchSet64</name>
         <value>0x29c3</value>
         <object_component_ref idref="oc-17a"/>
      </symbol>
      <symbol id="sm-653">
         <name>TimerEnable</name>
         <value>0x258b</value>
         <object_component_ref idref="oc-17a"/>
      </symbol>
      <symbol id="sm-654">
         <name>TimerLoadGet64</name>
         <value>0x28fd</value>
         <object_component_ref idref="oc-17a"/>
      </symbol>
      <symbol id="sm-655">
         <name>TimerIntUnregister</name>
         <value>0x2a37</value>
         <object_component_ref idref="oc-17a"/>
      </symbol>
      <symbol id="sm-656">
         <name>TimerValueGet64</name>
         <value>0x294b</value>
         <object_component_ref idref="oc-17a"/>
      </symbol>
      <symbol id="sm-657">
         <name>TimerMatchGet</name>
         <value>0x29a7</value>
         <object_component_ref idref="oc-17a"/>
      </symbol>
      <symbol id="sm-658">
         <name>TimerIntStatus</name>
         <value>0x2a85</value>
         <object_component_ref idref="oc-17a"/>
      </symbol>
      <symbol id="sm-659">
         <name>TimerClockSourceGet</name>
         <value>0x27fd</value>
         <object_component_ref idref="oc-17a"/>
      </symbol>
      <symbol id="sm-65a">
         <name>TimerIntDisable</name>
         <value>0x2a6d</value>
         <object_component_ref idref="oc-17a"/>
      </symbol>
      <symbol id="sm-65b">
         <name>TimerValueGet</name>
         <value>0x292f</value>
         <object_component_ref idref="oc-17a"/>
      </symbol>
      <symbol id="sm-65c">
         <name>TimerControlTrigger</name>
         <value>0x2679</value>
         <object_component_ref idref="oc-17a"/>
      </symbol>
      <symbol id="sm-65d">
         <name>TimerPrescaleSet</name>
         <value>0x280d</value>
         <object_component_ref idref="oc-17a"/>
      </symbol>
      <symbol id="sm-65e">
         <name>TimerControlStall</name>
         <value>0x2711</value>
         <object_component_ref idref="oc-17a"/>
      </symbol>
      <symbol id="sm-65f">
         <name>TimerMatchGet64</name>
         <value>0x29dd</value>
         <object_component_ref idref="oc-17a"/>
      </symbol>
      <symbol id="sm-660">
         <name>TimerRTCEnable</name>
         <value>0x27a7</value>
         <object_component_ref idref="oc-17a"/>
      </symbol>
      <symbol id="sm-661">
         <name>TimerLoadGet</name>
         <value>0x28c7</value>
         <object_component_ref idref="oc-17a"/>
      </symbol>
      <symbol id="sm-662">
         <name>TimerIntEnable</name>
         <value>0x2a55</value>
         <object_component_ref idref="oc-17a"/>
      </symbol>
      <symbol id="sm-663">
         <name>TimerClockSourceSet</name>
         <value>0x27d3</value>
         <object_component_ref idref="oc-17a"/>
      </symbol>
      <symbol id="sm-664">
         <name>TimerLoadSet64</name>
         <value>0x28e3</value>
         <object_component_ref idref="oc-17a"/>
      </symbol>
      <symbol id="sm-665">
         <name>TimerDMAEventGet</name>
         <value>0x2af9</value>
         <object_component_ref idref="oc-17a"/>
      </symbol>
      <symbol id="sm-666">
         <name>TimerRTCDisable</name>
         <value>0x27bd</value>
         <object_component_ref idref="oc-17a"/>
      </symbol>
      <symbol id="sm-667">
         <name>TimerADCEventGet</name>
         <value>0x2ad9</value>
         <object_component_ref idref="oc-17a"/>
      </symbol>
      <symbol id="sm-668">
         <name>TimerPrescaleMatchSet</name>
         <value>0x2853</value>
         <object_component_ref idref="oc-17a"/>
      </symbol>
      <symbol id="sm-669">
         <name>TimerControlWaitOnTrigger</name>
         <value>0x2747</value>
         <object_component_ref idref="oc-17a"/>
      </symbol>
      <symbol id="sm-66a">
         <name>TimerConfigure</name>
         <value>0x25c7</value>
         <object_component_ref idref="oc-17a"/>
      </symbol>
      <symbol id="sm-66b">
         <name>TimerControlEvent</name>
         <value>0x26e7</value>
         <object_component_ref idref="oc-17a"/>
      </symbol>
      <symbol id="sm-66c">
         <name>TimerIntClear</name>
         <value>0x2aa3</value>
         <object_component_ref idref="oc-17a"/>
      </symbol>
      <symbol id="sm-66d">
         <name>TimerSynchronize</name>
         <value>0x2ab5</value>
         <object_component_ref idref="oc-17a"/>
      </symbol>
      <symbol id="sm-68d">
         <name>memcpy</name>
         <value>0x4139</value>
         <object_component_ref idref="oc-3b"/>
      </symbol>
      <symbol id="sm-68e">
         <name>__aeabi_memcpy</name>
         <value>0x4139</value>
         <object_component_ref idref="oc-3b"/>
      </symbol>
      <symbol id="sm-68f">
         <name>__aeabi_memcpy8</name>
         <value>0x4139</value>
         <object_component_ref idref="oc-3b"/>
      </symbol>
      <symbol id="sm-690">
         <name>__aeabi_memcpy4</name>
         <value>0x4139</value>
         <object_component_ref idref="oc-3b"/>
      </symbol>
      <symbol id="sm-69f">
         <name>__aeabi_memset</name>
         <value>0x41d7</value>
         <object_component_ref idref="oc-93"/>
      </symbol>
      <symbol id="sm-6a0">
         <name>memset</name>
         <value>0x41dd</value>
         <object_component_ref idref="oc-93"/>
      </symbol>
      <symbol id="sm-6a1">
         <name>__aeabi_memset8</name>
         <value>0x41d7</value>
         <object_component_ref idref="oc-93"/>
      </symbol>
      <symbol id="sm-6a2">
         <name>__aeabi_memset4</name>
         <value>0x41d7</value>
         <object_component_ref idref="oc-93"/>
      </symbol>
      <symbol id="sm-6a3">
         <name>__aeabi_memclr8</name>
         <value>0x41d5</value>
         <object_component_ref idref="oc-93"/>
      </symbol>
      <symbol id="sm-6a4">
         <name>__aeabi_memclr4</name>
         <value>0x41d5</value>
         <object_component_ref idref="oc-93"/>
      </symbol>
      <symbol id="sm-6a5">
         <name>__aeabi_memclr</name>
         <value>0x41d5</value>
         <object_component_ref idref="oc-93"/>
      </symbol>
      <symbol id="sm-6b9">
         <name>__TI_zero_init_nomemset</name>
         <value>0x44cd</value>
         <object_component_ref idref="oc-47"/>
      </symbol>
      <symbol id="sm-6d0">
         <name>__TI_decompress_none</name>
         <value>0x44df</value>
         <object_component_ref idref="oc-18"/>
      </symbol>
      <symbol id="sm-6f3">
         <name>__TI_decompress_lzss</name>
         <value>0x42c9</value>
         <object_component_ref idref="oc-12"/>
      </symbol>
      <symbol id="sm-706">
         <name>__stack</name>
         <value>0x20000270</value>
         <object_component_ref idref="oc-21"/>
      </symbol>
      <symbol id="sm-707">
         <name>_c_int00_noargs</name>
         <value>0x43f1</value>
         <object_component_ref idref="oc-59"/>
      </symbol>
      <symbol id="sm-712">
         <name>C$$EXIT</name>
         <value>0x4503</value>
         <object_component_ref idref="oc-fe"/>
      </symbol>
      <symbol id="sm-713">
         <name>abort</name>
         <value>0x4503</value>
         <object_component_ref idref="oc-fe"/>
      </symbol>
      <symbol id="sm-78e">
         <name>_sys_memory</name>
         <value>0x20000670</value>
         <object_component_ref idref="oc-24"/>
      </symbol>
      <symbol id="sm-78f">
         <name>free</name>
         <value>0x3fa9</value>
         <object_component_ref idref="oc-22e"/>
      </symbol>
      <symbol id="sm-790">
         <name>malloc</name>
         <value>0x4251</value>
         <object_component_ref idref="oc-195"/>
      </symbol>
      <symbol id="sm-791">
         <name>minit</name>
         <value>0x4429</value>
         <object_component_ref idref="oc-218"/>
      </symbol>
      <symbol id="sm-7a6">
         <name>_nop</name>
         <value>0x2b5b</value>
         <object_component_ref idref="oc-240"/>
      </symbol>
      <symbol id="sm-7a7">
         <name>_lock</name>
         <value>0x20000ac0</value>
         <object_component_ref idref="oc-1b8"/>
      </symbol>
      <symbol id="sm-7a8">
         <name>_unlock</name>
         <value>0x20000ac4</value>
         <object_component_ref idref="oc-1b8"/>
      </symbol>
      <symbol id="sm-7b9">
         <name>strcmp</name>
         <value>0x44b5</value>
         <object_component_ref idref="oc-18f"/>
      </symbol>
      <symbol id="sm-7c9">
         <name>strncmp</name>
         <value>0x4461</value>
         <object_component_ref idref="oc-1aa"/>
      </symbol>
      <symbol id="sm-7f2">
         <name>__TI_auto_init_nobinit_nopinit</name>
         <value>0x4331</value>
         <object_component_ref idref="oc-10a"/>
      </symbol>
      <symbol id="sm-7fc">
         <name>_system_pre_init</name>
         <value>0x44ff</value>
         <object_component_ref idref="oc-99"/>
      </symbol>
      <symbol id="sm-7fe">
         <name>__TI_static_base__</name>
         <value>0x0</value>
      </symbol>
      <symbol id="sm-801">
         <name>__mpu_init</name>
         <value>0x0</value>
      </symbol>
      <symbol id="sm-802">
         <name>_system_post_cinit</name>
         <value>0x0</value>
      </symbol>
   </symbol_table>
   <title>Link successful</title>
</link_info>
